###############################################################################
#
# IAR ELF Linker V9.30.1.335/W64 for ARM                  29/Dec/2022  17:54:10
# Copyright 2007-2022 IAR Systems AB.
#
#    Output file  =
#        E:\work\projects\ST_Drone_FCU_F401_cpptest\STM32 FW Project\Official
#        release with BLE Remocon -
#        170318\EWARM\ToyDrone_Configuration\Exe\ToyDrone Configuration.out
#    Map file     =
#        E:\work\projects\ST_Drone_FCU_F401_cpptest\STM32 FW Project\Official
#        release with BLE Remocon -
#        170318\EWARM\ToyDrone_Configuration\List\ToyDrone Configuration.map
#    Command line =
#        -f "E:\work\projects\ST_Drone_FCU_F401_cpptest\STM32 FW
#        Project\Official release with BLE Remocon -
#        170318\EWARM\ToyDrone_Configuration\Exe\ToyDrone
#        Configuration.out.rsp"
#        ("E:\work\projects\ST_Drone_FCU_F401_cpptest\STM32 FW Project\Official
#        release with BLE Remocon -
#        170318\EWARM\ToyDrone_Configuration\Obj\Application\User\ahrs.o"
#        "E:\work\projects\ST_Drone_FCU_F401_cpptest\STM32 FW Project\Official
#        release with BLE Remocon -
#        170318\EWARM\ToyDrone_Configuration\Obj\Application\User\basic_math.o"
#        "E:\work\projects\ST_Drone_FCU_F401_cpptest\STM32 FW Project\Official
#        release with BLE Remocon -
#        170318\EWARM\ToyDrone_Configuration\Obj\Middlewares\STM32_BlueNRG\Utils\ble_list.o"
#        "E:\work\projects\ST_Drone_FCU_F401_cpptest\STM32 FW Project\Official
#        release with BLE Remocon -
#        170318\EWARM\ToyDrone_Configuration\Obj\Middlewares\STM32_BlueNRG\HCI\Controller\bluenrg_gap_aci.o"
#        "E:\work\projects\ST_Drone_FCU_F401_cpptest\STM32 FW Project\Official
#        release with BLE Remocon -
#        170318\EWARM\ToyDrone_Configuration\Obj\Middlewares\STM32_BlueNRG\HCI\Controller\bluenrg_gatt_aci.o"
#        "E:\work\projects\ST_Drone_FCU_F401_cpptest\STM32 FW Project\Official
#        release with BLE Remocon -
#        170318\EWARM\ToyDrone_Configuration\Obj\Middlewares\STM32_BlueNRG\HCI\Controller\bluenrg_hal_aci.o"
#        "E:\work\projects\ST_Drone_FCU_F401_cpptest\STM32 FW Project\Official
#        release with BLE Remocon -
#        170318\EWARM\ToyDrone_Configuration\Obj\Middlewares\STM32_BlueNRG\Interface\bluenrg_itf_template.o"
#        "E:\work\projects\ST_Drone_FCU_F401_cpptest\STM32 FW Project\Official
#        release with BLE Remocon -
#        170318\EWARM\ToyDrone_Configuration\Obj\Middlewares\STM32_BlueNRG\HCI\Controller\bluenrg_l2cap_aci.o"
#        "E:\work\projects\ST_Drone_FCU_F401_cpptest\STM32 FW Project\Official
#        release with BLE Remocon -
#        170318\EWARM\ToyDrone_Configuration\Obj\Middlewares\STM32_BlueNRG\HCI\Controller\bluenrg_utils.o"
#        "E:\work\projects\ST_Drone_FCU_F401_cpptest\STM32 FW Project\Official
#        release with BLE Remocon -
#        170318\EWARM\ToyDrone_Configuration\Obj\Application\User\console.o"
#        "E:\work\projects\ST_Drone_FCU_F401_cpptest\STM32 FW Project\Official
#        release with BLE Remocon -
#        170318\EWARM\ToyDrone_Configuration\Obj\Application\User\debug.o"
#        "E:\work\projects\ST_Drone_FCU_F401_cpptest\STM32 FW Project\Official
#        release with BLE Remocon -
#        170318\EWARM\ToyDrone_Configuration\Obj\Application\User\flight_control.o"
#        "E:\work\projects\ST_Drone_FCU_F401_cpptest\STM32 FW Project\Official
#        release with BLE Remocon -
#        170318\EWARM\ToyDrone_Configuration\Obj\Middlewares\STM32_BlueNRG\Utils\gp_timer.o"
#        "E:\work\projects\ST_Drone_FCU_F401_cpptest\STM32 FW Project\Official
#        release with BLE Remocon -
#        170318\EWARM\ToyDrone_Configuration\Obj\Middlewares\STM32_BlueNRG\HCI\hci.o"
#        "E:\work\projects\ST_Drone_FCU_F401_cpptest\STM32 FW Project\Official
#        release with BLE Remocon -
#        170318\EWARM\ToyDrone_Configuration\Obj\Drivers\Components\LIS2MDL_MAG_driver.o"
#        "E:\work\projects\ST_Drone_FCU_F401_cpptest\STM32 FW Project\Official
#        release with BLE Remocon -
#        170318\EWARM\ToyDrone_Configuration\Obj\Drivers\Components\LIS2MDL_MAG_driver_HL.o"
#        "E:\work\projects\ST_Drone_FCU_F401_cpptest\STM32 FW Project\Official
#        release with BLE Remocon -
#        170318\EWARM\ToyDrone_Configuration\Obj\Drivers\Components\LIS3MDL_MAG_driver.o"
#        "E:\work\projects\ST_Drone_FCU_F401_cpptest\STM32 FW Project\Official
#        release with BLE Remocon -
#        170318\EWARM\ToyDrone_Configuration\Obj\Drivers\Components\LIS3MDL_MAG_driver_HL.o"
#        "E:\work\projects\ST_Drone_FCU_F401_cpptest\STM32 FW Project\Official
#        release with BLE Remocon -
#        170318\EWARM\ToyDrone_Configuration\Obj\Drivers\Components\LPS22HB_Driver.o"
#        "E:\work\projects\ST_Drone_FCU_F401_cpptest\STM32 FW Project\Official
#        release with BLE Remocon -
#        170318\EWARM\ToyDrone_Configuration\Obj\Drivers\Components\LPS22HB_Driver_HL.o"
#        "E:\work\projects\ST_Drone_FCU_F401_cpptest\STM32 FW Project\Official
#        release with BLE Remocon -
#        170318\EWARM\ToyDrone_Configuration\Obj\Drivers\Components\LSM303AGR_ACC_driver.o"
#        "E:\work\projects\ST_Drone_FCU_F401_cpptest\STM32 FW Project\Official
#        release with BLE Remocon -
#        170318\EWARM\ToyDrone_Configuration\Obj\Drivers\Components\LSM303AGR_ACC_driver_HL.o"
#        "E:\work\projects\ST_Drone_FCU_F401_cpptest\STM32 FW Project\Official
#        release with BLE Remocon -
#        170318\EWARM\ToyDrone_Configuration\Obj\Drivers\Components\LSM303AGR_MAG_driver.o"
#        "E:\work\projects\ST_Drone_FCU_F401_cpptest\STM32 FW Project\Official
#        release with BLE Remocon -
#        170318\EWARM\ToyDrone_Configuration\Obj\Drivers\Components\LSM303AGR_MAG_driver_HL.o"
#        "E:\work\projects\ST_Drone_FCU_F401_cpptest\STM32 FW Project\Official
#        release with BLE Remocon -
#        170318\EWARM\ToyDrone_Configuration\Obj\Drivers\Components\LSM6DSL_ACC_GYRO_driver.o"
#        "E:\work\projects\ST_Drone_FCU_F401_cpptest\STM32 FW Project\Official
#        release with BLE Remocon -
#        170318\EWARM\ToyDrone_Configuration\Obj\Drivers\Components\LSM6DSL_ACC_GYRO_driver_HL.o"
#        "E:\work\projects\ST_Drone_FCU_F401_cpptest\STM32 FW Project\Official
#        release with BLE Remocon -
#        170318\EWARM\ToyDrone_Configuration\Obj\Application\User\main.o"
#        "E:\work\projects\ST_Drone_FCU_F401_cpptest\STM32 FW Project\Official
#        release with BLE Remocon -
#        170318\EWARM\ToyDrone_Configuration\Obj\Application\User\motor.o"
#        "E:\work\projects\ST_Drone_FCU_F401_cpptest\STM32 FW Project\Official
#        release with BLE Remocon -
#        170318\EWARM\ToyDrone_Configuration\Obj\Middlewares\STM32_BlueNRG\Utils\osal.o"
#        "E:\work\projects\ST_Drone_FCU_F401_cpptest\STM32 FW Project\Official
#        release with BLE Remocon -
#        170318\EWARM\ToyDrone_Configuration\Obj\Application\User\quaternion.o"
#        "E:\work\projects\ST_Drone_FCU_F401_cpptest\STM32 FW Project\Official
#        release with BLE Remocon -
#        170318\EWARM\ToyDrone_Configuration\Obj\Application\User\rc.o"
#        "E:\work\projects\ST_Drone_FCU_F401_cpptest\STM32 FW Project\Official
#        release with BLE Remocon -
#        170318\EWARM\ToyDrone_Configuration\Obj\Application\User\sensor_data.o"
#        "E:\work\projects\ST_Drone_FCU_F401_cpptest\STM32 FW Project\Official
#        release with BLE Remocon -
#        170318\EWARM\ToyDrone_Configuration\Obj\Application\User\sensor_service.o"
#        "E:\work\projects\ST_Drone_FCU_F401_cpptest\STM32 FW Project\Official
#        release with BLE Remocon -
#        170318\EWARM\ToyDrone_Configuration\Obj\Drivers\Components\SPBTLE_RF.o"
#        "E:\work\projects\ST_Drone_FCU_F401_cpptest\STM32 FW Project\Official
#        release with BLE Remocon -
#        170318\EWARM\ToyDrone_Configuration\Obj\Application\EWARM\startup_stm32f401xc.o"
#        "E:\work\projects\ST_Drone_FCU_F401_cpptest\STM32 FW Project\Official
#        release with BLE Remocon -
#        170318\EWARM\ToyDrone_Configuration\Obj\Drivers\Board\steval_fcu001_v1.o"
#        "E:\work\projects\ST_Drone_FCU_F401_cpptest\STM32 FW Project\Official
#        release with BLE Remocon -
#        170318\EWARM\ToyDrone_Configuration\Obj\Drivers\Board\steval_fcu001_v1_accelero.o"
#        "E:\work\projects\ST_Drone_FCU_F401_cpptest\STM32 FW Project\Official
#        release with BLE Remocon -
#        170318\EWARM\ToyDrone_Configuration\Obj\Drivers\Board\steval_fcu001_v1_gyro.o"
#        "E:\work\projects\ST_Drone_FCU_F401_cpptest\STM32 FW Project\Official
#        release with BLE Remocon -
#        170318\EWARM\ToyDrone_Configuration\Obj\Drivers\Board\steval_fcu001_v1_magneto.o"
#        "E:\work\projects\ST_Drone_FCU_F401_cpptest\STM32 FW Project\Official
#        release with BLE Remocon -
#        170318\EWARM\ToyDrone_Configuration\Obj\Drivers\Board\steval_fcu001_v1_pressure.o"
#        "E:\work\projects\ST_Drone_FCU_F401_cpptest\STM32 FW Project\Official
#        release with BLE Remocon -
#        170318\EWARM\ToyDrone_Configuration\Obj\Drivers\Board\steval_fcu001_v1_temperature.o"
#        "E:\work\projects\ST_Drone_FCU_F401_cpptest\STM32 FW Project\Official
#        release with BLE Remocon -
#        170318\EWARM\ToyDrone_Configuration\Obj\Drivers\STM32F4xx_HAL_Driver\stm32f4xx_hal.o"
#        "E:\work\projects\ST_Drone_FCU_F401_cpptest\STM32 FW Project\Official
#        release with BLE Remocon -
#        170318\EWARM\ToyDrone_Configuration\Obj\Drivers\STM32F4xx_HAL_Driver\stm32f4xx_hal_adc.o"
#        "E:\work\projects\ST_Drone_FCU_F401_cpptest\STM32 FW Project\Official
#        release with BLE Remocon -
#        170318\EWARM\ToyDrone_Configuration\Obj\Drivers\STM32F4xx_HAL_Driver\stm32f4xx_hal_adc_ex.o"
#        "E:\work\projects\ST_Drone_FCU_F401_cpptest\STM32 FW Project\Official
#        release with BLE Remocon -
#        170318\EWARM\ToyDrone_Configuration\Obj\Drivers\STM32F4xx_HAL_Driver\stm32f4xx_hal_cortex.o"
#        "E:\work\projects\ST_Drone_FCU_F401_cpptest\STM32 FW Project\Official
#        release with BLE Remocon -
#        170318\EWARM\ToyDrone_Configuration\Obj\Drivers\STM32F4xx_HAL_Driver\stm32f4xx_hal_dma.o"
#        "E:\work\projects\ST_Drone_FCU_F401_cpptest\STM32 FW Project\Official
#        release with BLE Remocon -
#        170318\EWARM\ToyDrone_Configuration\Obj\Drivers\STM32F4xx_HAL_Driver\stm32f4xx_hal_dma_ex.o"
#        "E:\work\projects\ST_Drone_FCU_F401_cpptest\STM32 FW Project\Official
#        release with BLE Remocon -
#        170318\EWARM\ToyDrone_Configuration\Obj\Drivers\STM32F4xx_HAL_Driver\stm32f4xx_hal_flash.o"
#        "E:\work\projects\ST_Drone_FCU_F401_cpptest\STM32 FW Project\Official
#        release with BLE Remocon -
#        170318\EWARM\ToyDrone_Configuration\Obj\Drivers\STM32F4xx_HAL_Driver\stm32f4xx_hal_flash_ex.o"
#        "E:\work\projects\ST_Drone_FCU_F401_cpptest\STM32 FW Project\Official
#        release with BLE Remocon -
#        170318\EWARM\ToyDrone_Configuration\Obj\Drivers\STM32F4xx_HAL_Driver\stm32f4xx_hal_flash_ramfunc.o"
#        "E:\work\projects\ST_Drone_FCU_F401_cpptest\STM32 FW Project\Official
#        release with BLE Remocon -
#        170318\EWARM\ToyDrone_Configuration\Obj\Drivers\STM32F4xx_HAL_Driver\stm32f4xx_hal_gpio.o"
#        "E:\work\projects\ST_Drone_FCU_F401_cpptest\STM32 FW Project\Official
#        release with BLE Remocon -
#        170318\EWARM\ToyDrone_Configuration\Obj\Application\User\stm32f4xx_hal_msp.o"
#        "E:\work\projects\ST_Drone_FCU_F401_cpptest\STM32 FW Project\Official
#        release with BLE Remocon -
#        170318\EWARM\ToyDrone_Configuration\Obj\Drivers\STM32F4xx_HAL_Driver\stm32f4xx_hal_pcd.o"
#        "E:\work\projects\ST_Drone_FCU_F401_cpptest\STM32 FW Project\Official
#        release with BLE Remocon -
#        170318\EWARM\ToyDrone_Configuration\Obj\Drivers\STM32F4xx_HAL_Driver\stm32f4xx_hal_pcd_ex.o"
#        "E:\work\projects\ST_Drone_FCU_F401_cpptest\STM32 FW Project\Official
#        release with BLE Remocon -
#        170318\EWARM\ToyDrone_Configuration\Obj\Drivers\STM32F4xx_HAL_Driver\stm32f4xx_hal_pwr.o"
#        "E:\work\projects\ST_Drone_FCU_F401_cpptest\STM32 FW Project\Official
#        release with BLE Remocon -
#        170318\EWARM\ToyDrone_Configuration\Obj\Drivers\STM32F4xx_HAL_Driver\stm32f4xx_hal_pwr_ex.o"
#        "E:\work\projects\ST_Drone_FCU_F401_cpptest\STM32 FW Project\Official
#        release with BLE Remocon -
#        170318\EWARM\ToyDrone_Configuration\Obj\Drivers\STM32F4xx_HAL_Driver\stm32f4xx_hal_rcc.o"
#        "E:\work\projects\ST_Drone_FCU_F401_cpptest\STM32 FW Project\Official
#        release with BLE Remocon -
#        170318\EWARM\ToyDrone_Configuration\Obj\Drivers\STM32F4xx_HAL_Driver\stm32f4xx_hal_rcc_ex.o"
#        "E:\work\projects\ST_Drone_FCU_F401_cpptest\STM32 FW Project\Official
#        release with BLE Remocon -
#        170318\EWARM\ToyDrone_Configuration\Obj\Drivers\STM32F4xx_HAL_Driver\stm32f4xx_hal_spi.o"
#        "E:\work\projects\ST_Drone_FCU_F401_cpptest\STM32 FW Project\Official
#        release with BLE Remocon -
#        170318\EWARM\ToyDrone_Configuration\Obj\Drivers\STM32F4xx_HAL_Driver\stm32f4xx_hal_tim.o"
#        "E:\work\projects\ST_Drone_FCU_F401_cpptest\STM32 FW Project\Official
#        release with BLE Remocon -
#        170318\EWARM\ToyDrone_Configuration\Obj\Drivers\STM32F4xx_HAL_Driver\stm32f4xx_hal_tim_ex.o"
#        "E:\work\projects\ST_Drone_FCU_F401_cpptest\STM32 FW Project\Official
#        release with BLE Remocon -
#        170318\EWARM\ToyDrone_Configuration\Obj\Drivers\STM32F4xx_HAL_Driver\stm32f4xx_hal_uart.o"
#        "E:\work\projects\ST_Drone_FCU_F401_cpptest\STM32 FW Project\Official
#        release with BLE Remocon -
#        170318\EWARM\ToyDrone_Configuration\Obj\Application\User\stm32f4xx_it.o"
#        "E:\work\projects\ST_Drone_FCU_F401_cpptest\STM32 FW Project\Official
#        release with BLE Remocon -
#        170318\EWARM\ToyDrone_Configuration\Obj\Drivers\STM32F4xx_HAL_Driver\stm32f4xx_ll_usb.o"
#        "E:\work\projects\ST_Drone_FCU_F401_cpptest\STM32 FW Project\Official
#        release with BLE Remocon -
#        170318\EWARM\ToyDrone_Configuration\Obj\Drivers\CMSIS\system_stm32f4xx.o"
#        "E:\work\projects\ST_Drone_FCU_F401_cpptest\STM32 FW Project\Official
#        release with BLE Remocon -
#        170318\EWARM\ToyDrone_Configuration\Obj\Application\User\timer.o"
#        "E:\work\projects\ST_Drone_FCU_F401_cpptest\STM32 FW Project\Official
#        release with BLE Remocon -
#        170318\EWARM\ToyDrone_Configuration\Obj\Application\User\usb_device.o"
#        "E:\work\projects\ST_Drone_FCU_F401_cpptest\STM32 FW Project\Official
#        release with BLE Remocon -
#        170318\EWARM\ToyDrone_Configuration\Obj\Middlewares\USB_Device_Library\usbd_cdc.o"
#        "E:\work\projects\ST_Drone_FCU_F401_cpptest\STM32 FW Project\Official
#        release with BLE Remocon -
#        170318\EWARM\ToyDrone_Configuration\Obj\Application\User\usbd_cdc_if.o"
#        "E:\work\projects\ST_Drone_FCU_F401_cpptest\STM32 FW Project\Official
#        release with BLE Remocon -
#        170318\EWARM\ToyDrone_Configuration\Obj\Application\User\usbd_conf.o"
#        "E:\work\projects\ST_Drone_FCU_F401_cpptest\STM32 FW Project\Official
#        release with BLE Remocon -
#        170318\EWARM\ToyDrone_Configuration\Obj\Middlewares\USB_Device_Library\usbd_core.o"
#        "E:\work\projects\ST_Drone_FCU_F401_cpptest\STM32 FW Project\Official
#        release with BLE Remocon -
#        170318\EWARM\ToyDrone_Configuration\Obj\Middlewares\USB_Device_Library\usbd_ctlreq.o"
#        "E:\work\projects\ST_Drone_FCU_F401_cpptest\STM32 FW Project\Official
#        release with BLE Remocon -
#        170318\EWARM\ToyDrone_Configuration\Obj\Application\User\usbd_desc.o"
#        "E:\work\projects\ST_Drone_FCU_F401_cpptest\STM32 FW Project\Official
#        release with BLE Remocon -
#        170318\EWARM\ToyDrone_Configuration\Obj\Middlewares\USB_Device_Library\usbd_ioreq.o"
#        --no_out_extension -o
#        "E:\work\projects\ST_Drone_FCU_F401_cpptest\STM32 FW Project\Official
#        release with BLE Remocon -
#        170318\EWARM\ToyDrone_Configuration\Exe\ToyDrone Configuration.out"
#        --map "E:\work\projects\ST_Drone_FCU_F401_cpptest\STM32 FW
#        Project\Official release with BLE Remocon -
#        170318\EWARM\ToyDrone_Configuration\List\ToyDrone Configuration.map"
#        --config "E:\work\projects\ST_Drone_FCU_F401_cpptest\STM32 FW
#        Project\Official release with BLE Remocon -
#        170318\EWARM\stm32f401xc_flash.icf" --semihosting --entry
#        __iar_program_start --vfe --text_out locale --cpu=Cortex-M4
#        --fpu=VFPv4_sp)
#
###############################################################################

*******************************************************************************
*** RUNTIME MODEL ATTRIBUTES
***

CppFlavor       = *
__CPP_Runtime   = 1
__Heap_Handler  = Basic
__SystemLibrary = DLib
__dlib_version  = 6


*******************************************************************************
*** HEAP SELECTION
***

The basic heap was selected because --advanced_heap
was not specified and the application did not appear to
be primarily optimized for speed.


*******************************************************************************
*** PLACEMENT SUMMARY
***

"A0":  place at address 0x800'0000 { ro section .intvec };
"P1":  place in [from 0x800'0000 to 0x803'ffff] { ro };
define block CSTACK with size = 16K, alignment = 8 { };
define block HEAP with size = 16K, alignment = 8 { };
"P2":  place in [from 0x2000'0000 to 0x2000'ffff] {
          rw, block CSTACK, block HEAP };
initialize by copy { rw };

  Section            Kind         Address      Size  Object
  -------            ----         -------      ----  ------
"A0":                                         0x194
  .intvec            ro code   0x800'0000     0x194  startup_stm32f401xc.o [1]
                             - 0x800'0194     0x194

"P1":                                      0x1'2454
  .text              ro code   0x800'0194    0x1e3a  LSM6DSL_ACC_GYRO_driver_HL.o [5]
  .text              ro code   0x800'1fce      0x7e  lz77_init_single.o [14]
  .text              ro code   0x800'204c    0x1464  LSM6DSL_ACC_GYRO_driver.o [5]
  .text              ro code   0x800'34b0      0x66  ABImemset.o [14]
  .text              ro code   0x800'3516      0x1a  xsnprout.o [12]
  .text              ro code   0x800'3530     0x71e  steval_fcu001_v1.o [3]
  .text              ro code   0x800'3c4e       0xa  xsprout.o [12]
  .text              ro code   0x800'3c58     0x268  stm32f4xx_hal_gpio.o [6]
  .text              ro code   0x800'3ec0     0x4b0  stm32f4xx_hal_spi.o [6]
  .text              ro code   0x800'4370     0x2b4  SPBTLE_RF.o [5]
  .text              ro code   0x800'4624     0x2d0  stm32f4xx_hal_msp.o [2]
  .text              ro code   0x800'48f4       0xc  stm32f4xx_hal.o [6]
  .text              ro code   0x800'4900      0x28  stm32f4xx_hal_dma.o [6]
  .text              ro code   0x800'4928       0x2  stm32f4xx_hal_spi.o [6]
  .text              ro code   0x800'492c     0x508  hci.o [7]
  .text              ro code   0x800'4e34      0x2e  gp_timer.o [10]
  .text              ro code   0x800'4e62      0x18  stm32f4xx_hal.o [6]
  .text              ro code   0x800'4e7c     0x198  stm32f4xx_hal_cortex.o [6]
  .text              ro code   0x800'5014      0xd6  ble_list.o [10]
  .text              ro code   0x800'50ec    0x125a  sensor_service.o [2]
  .text              ro code   0x800'6346      0x40  osal.o [10]
  .text              ro code   0x800'6388     0x2bc  rc.o [2]
  .text              ro code   0x800'6644     0x31a  bluenrg_gatt_aci.o [8]
  .text              ro code   0x800'6960      0xa6  ABImemcpy.o [14]
  .text              ro code   0x800'6a08      0x4c  debug.o [2]
  .text              ro code   0x800'6a54      0x40  sprintf.o [12]
  .text              ro code   0x800'6a94     0x2c8  bluenrg_gap_aci.o [8]
  .text              ro code   0x800'6d5c      0x6a  bluenrg_l2cap_aci.o [8]
  .text              ro code   0x800'6dc6      0x2a  strncmp.o [12]
  .text              ro code   0x800'6df0      0x3c  stm32f4xx_hal.o [6]
  .text              ro code   0x800'6e2c      0x78  bluenrg_utils.o [8]
  .text              ro code   0x800'6ea4      0x64  timer.o [2]
  .text              ro code   0x800'6f08      0x3c  vsnprint.o [12]
  .text              ro code   0x800'6f44     0x760  stm32f4xx_hal_uart.o [6]
  .text              ro code   0x800'76a4     0xe8e  xprintffull_nomb.o [12]
  .text              ro code   0x800'8534      0x28  stm32f4xx_hal.o [6]
  .text              ro code   0x800'855c       0x2  stm32f4xx_hal_uart.o [6]
  .text              ro code   0x800'855e       0x2  stm32f4xx_hal_uart.o [6]
  .text              ro code   0x800'8560       0x2  stm32f4xx_hal_uart.o [6]
  .text              ro code   0x800'8564     0x1e4  stm32f4xx_hal_rcc.o [6]
  .text              ro code   0x800'8748      0x16  strchr.o [14]
  .text              ro code   0x800'8760      0x40  xfail_s.o [12]
  .text              ro code   0x800'87a0      0x36  strlen.o [14]
  .text              ro code   0x800'87d8      0x58  memchr.o [14]
  .text              ro code   0x800'8830      0x70  frexp.o [13]
  .text              ro code   0x800'88a0      0x34  DblCmpLe.o [13]
  .text              ro code   0x800'88d4      0x34  DblCmpGe.o [13]
  .text              ro code   0x800'8908     0x13a  ldexp.o [13]
  .text              ro code   0x800'8a44      0x36  DblToS32.o [13]
  .text              ro code   0x800'8a7c      0x22  S32ToDbl.o [13]
  .text              ro code   0x800'8aa0     0x25e  DblAddSub.o [13]
  .text              ro code   0x800'8d00     0x246  DblDiv.o [13]
  .text              ro code   0x800'8f48      0x22  DblToU32.o [13]
  .text              ro code   0x800'8f6c      0x1c  U32ToDbl.o [13]
  .text              ro code   0x800'8f88     0x1aa  DblMul.o [13]
  .text              ro code   0x800'9134     0x274  I64DivMod.o [14]
  .text              ro code   0x800'93a8      0xa8  stm32f4xx_hal_rcc.o [6]
  .text              ro code   0x800'9450       0x6  abort.o [12]
  .text              ro code   0x800'9458       0x2  I64DivZer.o [14]
  .text              ro code   0x800'945c      0x14  exit.o [15]
  .text              ro code   0x800'9470    0x16a0  main.o [2]
  .text              ro code   0x800'ab10     0x360  steval_fcu001_v1_accelero.o [3]
  .text              ro code   0x800'ae70     0x1d4  steval_fcu001_v1_gyro.o [3]
  .text              ro code   0x800'b044     0x188  steval_fcu001_v1_magneto.o [3]
  .text              ro code   0x800'b1cc     0x9e4  stm32f4xx_hal_tim.o [6]
  .text              ro code   0x800'bbb0     0x5c8  flight_control.o [2]
  .text              ro code   0x800'c178     0x12a  motor.o [2]
  .text              ro code   0x800'c2a4     0x1dc  steval_fcu001_v1_pressure.o [3]
  .text              ro code   0x800'c480     0x194  steval_fcu001_v1_temperature.o [3]
  .text              ro code   0x800'c614      0x48  FltToDbl.o [13]
  .text              ro code   0x800'c65c      0x68  DblToFlt.o [13]
  .text              ro code   0x800'c6c4     0x2f0  ahrs.o [2]
  .text              ro code   0x800'c9b4      0xe0  quaternion.o [2]
  .text              ro code   0x800'ca94     0x384  stm32f4xx_hal_rcc.o [6]
  .text              ro code   0x800'ce18     0x534  stm32f4xx_hal_adc.o [6]
  .text              ro code   0x800'd34c      0x5a  stm32f4xx_hal_tim_ex.o [6]
  .text              ro code   0x800'd3a6      0xa8  sensor_data.o [2]
  .text              ro code   0x800'd44e      0xd0  bluenrg_hal_aci.o [8]
  .text              ro code   0x800'd51e       0x2  stm32f4xx_hal_tim.o [6]
  .text              ro code   0x800'd520       0x2  stm32f4xx_hal_tim.o [6]
  .text              ro code   0x800'd522       0x2  stm32f4xx_hal_tim.o [6]
  .text              ro code   0x800'd524       0x2  stm32f4xx_hal_tim.o [6]
  .text              ro code   0x800'd526       0x2  stm32f4xx_hal_tim_ex.o [6]
  .text              ro code   0x800'd528       0x2  stm32f4xx_hal_tim.o [6]
  .text              ro code   0x800'd52a       0x2  stm32f4xx_hal_tim_ex.o [6]
  .text              ro code   0x800'd52c     0x45a  LPS22HB_Driver.o [5]
  .text              ro code   0x800'd988      0x38  basic_math.o [2]
  .text              ro code   0x800'd9c0      0x22  math_wrappers64.o [13]
  .text              ro code   0x800'd9e4      0xfc  asin64.o [13]
  .text              ro code   0x800'dae0     0x120  atan2_64.o [13]
  .text              ro code   0x800'dc00      0xf2  sqrt.o [13]
  .text              ro code   0x800'dcf4     0x1d0  iar_Atan64.o [13]
  .text              ro code   0x800'dec4      0x20  DblCmpEq.o [13]
  .text              ro code   0x800'dee4     0x9a2  stm32f4xx_hal_pcd.o [6]
  .text              ro code   0x800'e888     0x964  stm32f4xx_ll_usb.o [6]
  .text              ro code   0x800'f1ec     0x1f6  usbd_conf.o [2]
  .text              ro code   0x800'f3e2     0x2e8  usbd_core.o [11]
  .text              ro code   0x800'f6cc     0x5ec  usbd_ctlreq.o [11]
  .text              ro code   0x800'fcb8      0x94  usbd_ioreq.o [11]
  .text              ro code   0x800'fd4c     0x900  LSM303AGR_ACC_driver_HL.o [5]
  .text              ro code   0x801'064c     0x57e  LSM303AGR_ACC_driver.o [5]
  .text              ro code   0x801'0bcc     0x766  LPS22HB_Driver_HL.o [5]
  .text              ro code   0x801'1334     0x3b0  LIS2MDL_MAG_driver_HL.o [5]
  .text              ro code   0x801'16e4     0x234  LIS2MDL_MAG_driver.o [5]
  .rodata            const     0x801'1918      0x6c  sensor_service.o [2]
  .text              ro code   0x801'1984      0x6a  stm32f4xx_it.o [2]
  .text              ro code   0x801'19f0      0x10  stm32f4xx_hal.o [6]
  .rodata            const     0x801'1a00      0x3c  sensor_service.o [2]
  .rodata            const     0x801'1a40      0x60  LSM303AGR_ACC_driver.o [5]
  .rodata            const     0x801'1aa0      0x60  main.o [2]
  .text              ro code   0x801'1b00      0x60  system_stm32f4xx.o [4]
  .rodata            const     0x801'1b60      0x40  iar_Atan64.o [13]
  .text              ro code   0x801'1ba0      0x38  zero_init3.o [14]
  .rodata            const     0x801'1bd8      0x34  main.o [2]
  .rodata            const     0x801'1c0c      0x34  main.o [2]
  .rodata            const     0x801'1c40      0x34  main.o [2]
  .rodata            const     0x801'1c74      0x30  main.o [2]
  .rodata            const     0x801'1ca4      0x30  main.o [2]
  .rodata            const     0x801'1cd4      0x30  main.o [2]
  .rodata            const     0x801'1d04      0x30  sensor_service.o [2]
  .rodata            const     0x801'1d34      0x30  sensor_service.o [2]
  .rodata            const     0x801'1d64      0x2c  main.o [2]
  .rodata            const     0x801'1d90      0x2c  main.o [2]
  .rodata            const     0x801'1dbc      0x2c  main.o [2]
  .rodata            const     0x801'1de8      0x2c  main.o [2]
  .rodata            const     0x801'1e14      0x2c  main.o [2]
  .rodata            const     0x801'1e40      0x2c  main.o [2]
  .rodata            const     0x801'1e6c      0x28  main.o [2]
  .rodata            const     0x801'1e94      0x28  main.o [2]
  .rodata            const     0x801'1ebc      0x28  main.o [2]
  .text              ro code   0x801'1ee4      0x28  data_init.o [14]
  .rodata            const     0x801'1f0c      0x24  main.o [2]
  .rodata            const     0x801'1f30      0x24  main.o [2]
  .rodata            const     0x801'1f54      0x24  sensor_service.o [2]
  .rodata            const     0x801'1f78      0x24  sensor_service.o [2]
  .rodata            const     0x801'1f9c      0x24  sensor_service.o [2]
  .text              ro code   0x801'1fc0      0x22  fpinit_M.o [13]
  .iar.init_table    const     0x801'1fe4      0x20  - Linker created -
  .rodata            const     0x801'2004      0x20  main.o [2]
  .rodata            const     0x801'2024      0x20  main.o [2]
  .rodata            const     0x801'2044      0x20  main.o [2]
  .rodata            const     0x801'2064      0x20  main.o [2]
  .rodata            const     0x801'2084      0x20  sensor_service.o [2]
  .rodata            const     0x801'20a4      0x20  sensor_service.o [2]
  .rodata            const     0x801'20c4      0x20  sensor_service.o [2]
  .text              ro code   0x801'20e4      0x1e  cmain.o [14]
  .text              ro code   0x801'2102       0x4  low_level_init.o [12]
  .text              ro code   0x801'2106       0x4  exit.o [12]
  .text              ro code   0x801'210c       0xa  cexit.o [14]
  .rodata            const     0x801'2118      0x1c  main.o [2]
  .rodata            const     0x801'2134      0x1c  main.o [2]
  .rodata            const     0x801'2150      0x1c  sensor_service.o [2]
  .rodata            const     0x801'216c      0x1c  sensor_service.o [2]
  .text              ro code   0x801'2188      0x1c  cstartup_M.o [14]
  .rodata            const     0x801'21a4      0x18  main.o [2]
  .rodata            const     0x801'21bc      0x18  sensor_service.o [2]
  .rodata            const     0x801'21d4      0x14  main.o [2]
  .rodata            const     0x801'21e8      0x14  sensor_service.o [2]
  .rodata            const     0x801'21fc      0x10  sensor_service.o [2]
  .rodata            const     0x801'220c      0x10  sensor_service.o [2]
  .rodata            const     0x801'221c      0x10  stm32f4xx_hal_rcc.o [6]
  .text              ro code   0x801'222c      0x10  startup_stm32f401xc.o [1]
  .rodata            const     0x801'223c       0xc  sensor_service.o [2]
  .rodata            const     0x801'2248       0xc  sensor_service.o [2]
  .rodata            const     0x801'2254       0xc  sensor_service.o [2]
  .rodata            const     0x801'2260       0xc  sensor_service.o [2]
  .rodata            const     0x801'226c       0xc  sensor_service.o [2]
  .rodata            const     0x801'2278       0x8  main.o [2]
  .rodata            const     0x801'2280       0x8  sensor_service.o [2]
  .rodata            const     0x801'2288       0x8  sensor_service.o [2]
  .rodata            const     0x801'2290       0x8  sensor_service.o [2]
  .rodata            const     0x801'2298       0x8  sensor_service.o [2]
  .rodata            const     0x801'22a0       0x8  sensor_service.o [2]
  .rodata            const     0x801'22a8       0x8  SPBTLE_RF.o [5]
  .rodata            const     0x801'22b0       0x8  SPBTLE_RF.o [5]
  .rodata            const     0x801'22b8       0x8  SPBTLE_RF.o [5]
  .rodata            const     0x801'22c0       0x8  steval_fcu001_v1.o [3]
  .rodata            const     0x801'22c8       0x4  LSM303AGR_ACC_driver_HL.o [5]
  .rodata            const     0x801'22cc       0x4  rc.o [2]
  .rodata            const     0x801'22d0       0x4  rc.o [2]
  .rodata            const     0x801'22d4       0x4  rc.o [2]
  .text              ro code   0x801'22d8       0x4  startup_stm32f401xc.o [1]
  .text              ro code   0x801'22dc       0x4  startup_stm32f401xc.o [1]
  .text              ro code   0x801'22e0       0x4  startup_stm32f401xc.o [1]
  .text              ro code   0x801'22e4       0x4  startup_stm32f401xc.o [1]
  .text              ro code   0x801'22e8       0x4  startup_stm32f401xc.o [1]
  .text              ro code   0x801'22ec       0x4  startup_stm32f401xc.o [1]
  .text              ro code   0x801'22f0       0x4  startup_stm32f401xc.o [1]
  .text              ro code   0x801'22f4       0x4  startup_stm32f401xc.o [1]
  .text              ro code   0x801'22f8       0x4  startup_stm32f401xc.o [1]
  .text              ro code   0x801'22fc       0x4  startup_stm32f401xc.o [1]
  .text              ro code   0x801'2300       0x4  startup_stm32f401xc.o [1]
  .text              ro code   0x801'2304       0x4  startup_stm32f401xc.o [1]
  .text              ro code   0x801'2308       0x4  startup_stm32f401xc.o [1]
  .text              ro code   0x801'230c       0x4  startup_stm32f401xc.o [1]
  .text              ro code   0x801'2310       0x4  startup_stm32f401xc.o [1]
  .text              ro code   0x801'2314       0x4  startup_stm32f401xc.o [1]
  .text              ro code   0x801'2318       0x4  startup_stm32f401xc.o [1]
  .text              ro code   0x801'231c       0x4  startup_stm32f401xc.o [1]
  .text              ro code   0x801'2320       0x4  startup_stm32f401xc.o [1]
  .text              ro code   0x801'2324       0x4  startup_stm32f401xc.o [1]
  .text              ro code   0x801'2328       0x4  startup_stm32f401xc.o [1]
  .text              ro code   0x801'232c       0x4  startup_stm32f401xc.o [1]
  .text              ro code   0x801'2330       0x4  startup_stm32f401xc.o [1]
  .text              ro code   0x801'2334       0x4  startup_stm32f401xc.o [1]
  .text              ro code   0x801'2338       0x4  startup_stm32f401xc.o [1]
  .text              ro code   0x801'233c       0x4  startup_stm32f401xc.o [1]
  .text              ro code   0x801'2340       0x4  startup_stm32f401xc.o [1]
  .text              ro code   0x801'2344       0x4  startup_stm32f401xc.o [1]
  .text              ro code   0x801'2348       0x4  startup_stm32f401xc.o [1]
  .text              ro code   0x801'234c       0x4  startup_stm32f401xc.o [1]
  .text              ro code   0x801'2350       0x4  startup_stm32f401xc.o [1]
  .text              ro code   0x801'2354       0x4  startup_stm32f401xc.o [1]
  .text              ro code   0x801'2358       0x4  startup_stm32f401xc.o [1]
  .text              ro code   0x801'235c       0x4  startup_stm32f401xc.o [1]
  .text              ro code   0x801'2360       0x4  startup_stm32f401xc.o [1]
  .text              ro code   0x801'2364       0x4  startup_stm32f401xc.o [1]
  .text              ro code   0x801'2368       0x4  startup_stm32f401xc.o [1]
  .text              ro code   0x801'236c       0x4  startup_stm32f401xc.o [1]
  .text              ro code   0x801'2370       0x4  startup_stm32f401xc.o [1]
  .text              ro code   0x801'2374       0x4  startup_stm32f401xc.o [1]
  .text              ro code   0x801'2378       0x4  startup_stm32f401xc.o [1]
  .text              ro code   0x801'237c       0x4  startup_stm32f401xc.o [1]
  .text              ro code   0x801'2380       0x4  startup_stm32f401xc.o [1]
  .text              ro code   0x801'2384       0x4  startup_stm32f401xc.o [1]
  .text              ro code   0x801'2388       0x4  startup_stm32f401xc.o [1]
  .text              ro code   0x801'238c       0x4  startup_stm32f401xc.o [1]
  .text              ro code   0x801'2390       0x4  startup_stm32f401xc.o [1]
  .text              ro code   0x801'2394       0x4  startup_stm32f401xc.o [1]
  .text              ro code   0x801'2398       0x4  startup_stm32f401xc.o [1]
  .text              ro code   0x801'239c       0x4  startup_stm32f401xc.o [1]
  .text              ro code   0x801'23a0       0x4  startup_stm32f401xc.o [1]
  .text              ro code   0x801'23a4       0x4  startup_stm32f401xc.o [1]
  .text              ro code   0x801'23a8       0x4  startup_stm32f401xc.o [1]
  .text              ro code   0x801'23ac       0x4  startup_stm32f401xc.o [1]
  .text              ro code   0x801'23b0       0x4  startup_stm32f401xc.o [1]
  .text              ro code   0x801'23b4       0x4  startup_stm32f401xc.o [1]
  .text              ro code   0x801'23b8       0x4  startup_stm32f401xc.o [1]
  .rodata            const     0x801'23bc       0x0  zero_init3.o [14]
  .rodata            const     0x801'23bc       0x0  lz77_init_single.o [14]
  Initializer bytes  const     0x801'23bc     0x22c  <for P2-1>
                             - 0x801'25e8  0x1'2454

"P2", part 1 of 3:                            0x29a
  P2-1                        0x2000'0000     0x29a  <Init block>
    .data            inited   0x2000'0000       0x4  ahrs.o [2]
    .data            inited   0x2000'0004      0x48  LIS2MDL_MAG_driver_HL.o [5]
    .data            inited   0x2000'004c      0x34  LPS22HB_Driver_HL.o [5]
    .data            inited   0x2000'0080      0x34  LPS22HB_Driver_HL.o [5]
    .data            inited   0x2000'00b4      0x50  LSM303AGR_ACC_driver_HL.o [5]
    .data            inited   0x2000'0104      0xd0  LSM6DSL_ACC_GYRO_driver_HL.o [5]
    .data            inited   0x2000'01d4      0x50  LSM6DSL_ACC_GYRO_driver_HL.o [5]
    .data            inited   0x2000'0224      0x50  LSM6DSL_ACC_GYRO_driver_HL.o [5]
    .data            inited   0x2000'0274      0x14  main.o [2]
    .data            inited   0x2000'0288       0x4  rc.o [2]
    .data            inited   0x2000'028c       0x8  steval_fcu001_v1.o [3]
    .data            inited   0x2000'0294       0x4  system_stm32f4xx.o [4]
    .data            inited   0x2000'0298       0x1  sensor_service.o [2]
    .data            inited   0x2000'0299       0x1  sensor_service.o [2]
                            - 0x2000'029a     0x29a

"P2", part 2 of 3:                           0x10cc
  .bss               zero     0x2000'029c     0x3f0  usbd_conf.o [2]
  .bss               zero     0x2000'068c     0x2bc  hci.o [7]
  .bss               zero     0x2000'0948     0x100  main.o [2]
  .bss               zero     0x2000'0a48      0x70  main.o [2]
  .bss               zero     0x2000'0ab8      0x58  main.o [2]
  .bss               zero     0x2000'0b10      0x58  main.o [2]
  .bss               zero     0x2000'0b68      0x58  SPBTLE_RF.o [5]
  .bss               zero     0x2000'0bc0      0x58  steval_fcu001_v1.o [3]
  .bss               zero     0x2000'0c18      0x4c  rc.o [2]
  .bss               zero     0x2000'0c64      0x48  main.o [2]
  .bss               zero     0x2000'0cac      0x40  main.o [2]
  .bss               zero     0x2000'0cec      0x3c  main.o [2]
  .bss               zero     0x2000'0d28      0x3c  main.o [2]
  .bss               zero     0x2000'0d64      0x3c  main.o [2]
  .bss               zero     0x2000'0da0      0x3c  main.o [2]
  .bss               zero     0x2000'0ddc      0x3c  main.o [2]
  .bss               zero     0x2000'0e18      0x3c  main.o [2]
  .bss               zero     0x2000'0e54      0x3c  main.o [2]
  .bss               zero     0x2000'0e90      0x30  main.o [2]
  .bss               zero     0x2000'0ec0      0x30  main.o [2]
  .bss               zero     0x2000'0ef0      0x30  main.o [2]
  .bss               zero     0x2000'0f20      0x30  main.o [2]
  .bss               zero     0x2000'0f50      0x30  main.o [2]
  .bss               zero     0x2000'0f80      0x30  main.o [2]
  .bss               zero     0x2000'0fb0      0x2c  sensor_service.o [2]
  .bss               zero     0x2000'0fdc      0x28  steval_fcu001_v1_accelero.o [3]
  .bss               zero     0x2000'1004      0x28  steval_fcu001_v1_temperature.o [3]
  .bss               zero     0x2000'102c      0x1c  main.o [2]
  .bss               zero     0x2000'1048      0x14  sensor_service.o [2]
  .bss               zero     0x2000'105c      0x14  sensor_service.o [2]
  .bss               zero     0x2000'1070      0x14  steval_fcu001_v1_gyro.o [3]
  .bss               zero     0x2000'1084      0x14  steval_fcu001_v1_magneto.o [3]
  .bss               zero     0x2000'1098      0x14  steval_fcu001_v1_pressure.o [3]
  .bss               zero     0x2000'10ac      0x14  timer.o [2]
  .bss               zero     0x2000'10c0      0x10  main.o [2]
  .bss               zero     0x2000'10d0      0x10  rc.o [2]
  .bss               zero     0x2000'10e0      0x10  rc.o [2]
  .bss               zero     0x2000'10f0      0x10  rc.o [2]
  .bss               zero     0x2000'1100      0x10  steval_fcu001_v1_accelero.o [3]
  .bss               zero     0x2000'1110      0x10  steval_fcu001_v1_temperature.o [3]
  .bss               zero     0x2000'1120       0xc  main.o [2]
  .bss               zero     0x2000'112c       0xc  main.o [2]
  .bss               zero     0x2000'1138       0xc  main.o [2]
  .bss               zero     0x2000'1144       0xc  main.o [2]
  .bss               zero     0x2000'1150       0xc  main.o [2]
  .bss               zero     0x2000'115c       0xc  main.o [2]
  .bss               zero     0x2000'1168       0xc  main.o [2]
  .bss               zero     0x2000'1174       0xc  main.o [2]
  .bss               zero     0x2000'1180       0xc  main.o [2]
  .bss               zero     0x2000'118c       0xc  main.o [2]
  .bss               zero     0x2000'1198       0xc  main.o [2]
  .bss               zero     0x2000'11a4       0xc  main.o [2]
  .bss               zero     0x2000'11b0       0xc  main.o [2]
  .bss               zero     0x2000'11bc       0xc  main.o [2]
  .bss               zero     0x2000'11c8       0xc  main.o [2]
  .bss               zero     0x2000'11d4       0xc  main.o [2]
  .bss               zero     0x2000'11e0       0xc  main.o [2]
  .bss               zero     0x2000'11ec       0xc  main.o [2]
  .bss               zero     0x2000'11f8       0xc  main.o [2]
  .bss               zero     0x2000'1204       0x8  hci.o [7]
  .bss               zero     0x2000'120c       0x8  hci.o [7]
  .bss               zero     0x2000'1214       0x8  LPS22HB_Driver_HL.o [5]
  .bss               zero     0x2000'121c       0x8  main.o [2]
  .bss               zero     0x2000'1224       0x8  main.o [2]
  .bss               zero     0x2000'122c       0x8  main.o [2]
  .bss               zero     0x2000'1234       0x8  steval_fcu001_v1_accelero.o [3]
  .bss               zero     0x2000'123c       0x8  steval_fcu001_v1_gyro.o [3]
  .bss               zero     0x2000'1244       0x8  steval_fcu001_v1_gyro.o [3]
  .bss               zero     0x2000'124c       0x8  steval_fcu001_v1_magneto.o [3]
  .bss               zero     0x2000'1254       0x8  steval_fcu001_v1_pressure.o [3]
  .bss               zero     0x2000'125c       0x4  ahrs.o [2]
  .bss               zero     0x2000'1260       0x4  ahrs.o [2]
  .bss               zero     0x2000'1264       0x4  ahrs.o [2]
  .bss               zero     0x2000'1268       0x4  ahrs.o [2]
  .bss               zero     0x2000'126c       0x4  ahrs.o [2]
  .bss               zero     0x2000'1270       0x4  ahrs.o [2]
  .bss               zero     0x2000'1274       0x4  ahrs.o [2]
  .bss               zero     0x2000'1278       0x4  flight_control.o [2]
  .bss               zero     0x2000'127c       0x4  flight_control.o [2]
  .bss               zero     0x2000'1280       0x4  flight_control.o [2]
  .bss               zero     0x2000'1284       0x4  flight_control.o [2]
  .bss               zero     0x2000'1288       0x4  flight_control.o [2]
  .bss               zero     0x2000'128c       0x4  flight_control.o [2]
  .bss               zero     0x2000'1290       0x4  flight_control.o [2]
  .bss               zero     0x2000'1294       0x4  flight_control.o [2]
  .bss               zero     0x2000'1298       0x4  flight_control.o [2]
  .bss               zero     0x2000'129c       0x4  flight_control.o [2]
  .bss               zero     0x2000'12a0       0x4  flight_control.o [2]
  .bss               zero     0x2000'12a4       0x4  flight_control.o [2]
  .bss               zero     0x2000'12a8       0x4  main.o [2]
  .bss               zero     0x2000'12ac       0x4  main.o [2]
  .bss               zero     0x2000'12b0       0x4  main.o [2]
  .bss               zero     0x2000'12b4       0x4  main.o [2]
  .bss               zero     0x2000'12b8       0x4  main.o [2]
  .bss               zero     0x2000'12bc       0x4  main.o [2]
  .bss               zero     0x2000'12c0       0x4  main.o [2]
  .bss               zero     0x2000'12c4       0x4  main.o [2]
  .bss               zero     0x2000'12c8       0x4  main.o [2]
  .bss               zero     0x2000'12cc       0x4  main.o [2]
  .bss               zero     0x2000'12d0       0x4  main.o [2]
  .bss               zero     0x2000'12d4       0x4  main.o [2]
  .bss               zero     0x2000'12d8       0x4  main.o [2]
  .bss               zero     0x2000'12dc       0x4  main.o [2]
  .bss               zero     0x2000'12e0       0x4  main.o [2]
  .bss               zero     0x2000'12e4       0x4  main.o [2]
  .bss               zero     0x2000'12e8       0x4  main.o [2]
  .bss               zero     0x2000'12ec       0x4  main.o [2]
  .bss               zero     0x2000'12f0       0x4  main.o [2]
  .bss               zero     0x2000'12f4       0x4  main.o [2]
  .bss               zero     0x2000'12f8       0x4  main.o [2]
  .bss               zero     0x2000'12fc       0x4  main.o [2]
  .bss               zero     0x2000'1300       0x4  main.o [2]
  .bss               zero     0x2000'1304       0x4  main.o [2]
  .bss               zero     0x2000'1308       0x4  rc.o [2]
  .bss               zero     0x2000'130c       0x4  rc.o [2]
  .bss               zero     0x2000'1310       0x4  rc.o [2]
  .bss               zero     0x2000'1314       0x4  rc.o [2]
  .bss               zero     0x2000'1318       0x4  sensor_service.o [2]
  .bss               zero     0x2000'131c       0x4  sensor_service.o [2]
  .bss               zero     0x2000'1320       0x4  steval_fcu001_v1_accelero.o [3]
  .bss               zero     0x2000'1324       0x4  steval_fcu001_v1_pressure.o [3]
  .bss               zero     0x2000'1328       0x4  steval_fcu001_v1_temperature.o [3]
  .bss               zero     0x2000'132c       0x4  stm32f4xx_hal.o [6]
  .bss               zero     0x2000'1330       0x4  xfail_s.o [12]
  .bss               zero     0x2000'1334       0x2  flight_control.o [2]
  .bss               zero     0x2000'1336       0x2  LSM6DSL_ACC_GYRO_driver_HL.o [5]
  .bss               zero     0x2000'1338       0x2  main.o [2]
  .bss               zero     0x2000'133a       0x2  main.o [2]
  .bss               zero     0x2000'133c       0x2  main.o [2]
  .bss               zero     0x2000'133e       0x2  main.o [2]
  .bss               zero     0x2000'1340       0x2  rc.o [2]
  .bss               zero     0x2000'1342       0x2  rc.o [2]
  .bss               zero     0x2000'1344       0x2  rc.o [2]
  .bss               zero     0x2000'1346       0x2  rc.o [2]
  .bss               zero     0x2000'1348       0x2  sensor_service.o [2]
  .bss               zero     0x2000'134a       0x2  sensor_service.o [2]
  .bss               zero     0x2000'134c       0x2  sensor_service.o [2]
  .bss               zero     0x2000'134e       0x2  sensor_service.o [2]
  .bss               zero     0x2000'1350       0x2  sensor_service.o [2]
  .bss               zero     0x2000'1352       0x2  sensor_service.o [2]
  .bss               zero     0x2000'1354       0x2  sensor_service.o [2]
  .bss               zero     0x2000'1356       0x2  sensor_service.o [2]
  .bss               zero     0x2000'1358       0x2  sensor_service.o [2]
  .bss               zero     0x2000'135a       0x2  sensor_service.o [2]
  .bss               zero     0x2000'135c       0x2  sensor_service.o [2]
  .bss               zero     0x2000'135e       0x2  sensor_service.o [2]
  .bss               zero     0x2000'1360       0x1  main.o [2]
  .bss               zero     0x2000'1361       0x1  main.o [2]
  .bss               zero     0x2000'1362       0x1  main.o [2]
  .bss               zero     0x2000'1363       0x1  rc.o [2]
  .bss               zero     0x2000'1364       0x1  sensor_service.o [2]
  .bss               zero     0x2000'1365       0x1  sensor_service.o [2]
  .bss               zero     0x2000'1366       0x1  steval_fcu001_v1_magneto.o [3]
  .bss               zero     0x2000'1367       0x1  usbd_ctlreq.o [11]
                            - 0x2000'1368    0x10cc

"P2", part 3 of 3:                           0x4000
  CSTACK                      0x2000'1368    0x4000  <Block>
    CSTACK           uninit   0x2000'1368    0x4000  <Block tail>
                            - 0x2000'5368    0x4000

Unused ranges:

         From           To      Size
         ----           --      ----
   0x801'25e8   0x803'ffff  0x2'da18
  0x2000'029a  0x2000'029b       0x2
  0x2000'5368  0x2000'ffff    0xac98


*******************************************************************************
*** INIT TABLE
***

          Address      Size
          -------      ----
Zero (__iar_zero_init3)
    1 destination range, total size 0x10cc:
          0x2000'029c  0x10cc

Copy/lz77 (__iar_lz77_init_single3)
    1 source range, total size 0x22c (83% of destination):
           0x801'23bc   0x22c
    1 destination range, total size 0x29a:
          0x2000'0000   0x29a



*******************************************************************************
*** MODULE SUMMARY
***

    Module                          ro code  ro data  rw data
    ------                          -------  -------  -------
command line/config:
    ---------------------------------------------------------
    Total:

E:\work\projects\ST_Drone_FCU_F401_cpptest\STM32 FW Project\Official release with BLE Remocon - 170318\EWARM\ToyDrone_Configuration\Obj\Application\EWARM: [1]
    startup_stm32f401xc.o               648
    ---------------------------------------------------------
    Total:                              648

E:\work\projects\ST_Drone_FCU_F401_cpptest\STM32 FW Project\Official release with BLE Remocon - 170318\EWARM\ToyDrone_Configuration\Obj\Application\User: [2]
    ahrs.o                              752        3       32
    basic_math.o                         56
    debug.o                              76
    flight_control.o                  1'480                50
    main.o                            5'792    1'104    1'811
    motor.o                             298
    quaternion.o                        224
    rc.o                                700       16      153
    sensor_data.o                       168
    sensor_service.o                  4'698      702      120
    stm32f4xx_hal_msp.o                 720
    stm32f4xx_it.o                      106
    timer.o                             100                20
    usbd_conf.o                         502             1'008
    ---------------------------------------------------------
    Total:                           15'672    1'825    3'194

E:\work\projects\ST_Drone_FCU_F401_cpptest\STM32 FW Project\Official release with BLE Remocon - 170318\EWARM\ToyDrone_Configuration\Obj\Drivers\Board: [3]
    steval_fcu001_v1.o                1'822       14       96
    steval_fcu001_v1_accelero.o         864                68
    steval_fcu001_v1_gyro.o             468                36
    steval_fcu001_v1_magneto.o          392                29
    steval_fcu001_v1_pressure.o         476                32
    steval_fcu001_v1_temperature.o      404                60
    ---------------------------------------------------------
    Total:                            4'426       14      321

E:\work\projects\ST_Drone_FCU_F401_cpptest\STM32 FW Project\Official release with BLE Remocon - 170318\EWARM\ToyDrone_Configuration\Obj\Drivers\CMSIS: [4]
    system_stm32f4xx.o                   96        4        4
    ---------------------------------------------------------
    Total:                               96        4        4

E:\work\projects\ST_Drone_FCU_F401_cpptest\STM32 FW Project\Official release with BLE Remocon - 170318\EWARM\ToyDrone_Configuration\Obj\Drivers\Components: [5]
    LIS2MDL_MAG_driver.o                564
    LIS2MDL_MAG_driver_HL.o             944       60       72
    LPS22HB_Driver.o                  1'114
    LPS22HB_Driver_HL.o               1'894       87      112
    LSM303AGR_ACC_driver.o            1'406       96
    LSM303AGR_ACC_driver_HL.o         2'304       71       80
    LSM6DSL_ACC_GYRO_driver.o         5'220
    LSM6DSL_ACC_GYRO_driver_HL.o      7'738      307      370
    SPBTLE_RF.o                         692       24       88
    ---------------------------------------------------------
    Total:                           21'876      645      722

E:\work\projects\ST_Drone_FCU_F401_cpptest\STM32 FW Project\Official release with BLE Remocon - 170318\EWARM\ToyDrone_Configuration\Obj\Drivers\STM32F4xx_HAL_Driver: [6]
    stm32f4xx_hal.o                     152                 4
    stm32f4xx_hal_adc.o               1'332
    stm32f4xx_hal_cortex.o              408
    stm32f4xx_hal_dma.o                  40
    stm32f4xx_hal_gpio.o                616
    stm32f4xx_hal_pcd.o               2'466
    stm32f4xx_hal_rcc.o               1'552       16
    stm32f4xx_hal_spi.o               1'202
    stm32f4xx_hal_tim.o               2'542
    stm32f4xx_hal_tim_ex.o               94
    stm32f4xx_hal_uart.o              1'894
    stm32f4xx_ll_usb.o                2'404
    ---------------------------------------------------------
    Total:                           14'702       16        4

E:\work\projects\ST_Drone_FCU_F401_cpptest\STM32 FW Project\Official release with BLE Remocon - 170318\EWARM\ToyDrone_Configuration\Obj\Middlewares\STM32_BlueNRG\HCI: [7]
    hci.o                             1'288               716
    ---------------------------------------------------------
    Total:                            1'288               716

E:\work\projects\ST_Drone_FCU_F401_cpptest\STM32 FW Project\Official release with BLE Remocon - 170318\EWARM\ToyDrone_Configuration\Obj\Middlewares\STM32_BlueNRG\HCI\Controller: [8]
    bluenrg_gap_aci.o                   712
    bluenrg_gatt_aci.o                  794
    bluenrg_hal_aci.o                   208
    bluenrg_l2cap_aci.o                 106
    bluenrg_utils.o                     120
    ---------------------------------------------------------
    Total:                            1'940

E:\work\projects\ST_Drone_FCU_F401_cpptest\STM32 FW Project\Official release with BLE Remocon - 170318\EWARM\ToyDrone_Configuration\Obj\Middlewares\STM32_BlueNRG\Interface: [9]
    ---------------------------------------------------------
    Total:

E:\work\projects\ST_Drone_FCU_F401_cpptest\STM32 FW Project\Official release with BLE Remocon - 170318\EWARM\ToyDrone_Configuration\Obj\Middlewares\STM32_BlueNRG\Utils: [10]
    ble_list.o                          214
    gp_timer.o                           46
    osal.o                               64
    ---------------------------------------------------------
    Total:                              324

E:\work\projects\ST_Drone_FCU_F401_cpptest\STM32 FW Project\Official release with BLE Remocon - 170318\EWARM\ToyDrone_Configuration\Obj\Middlewares\USB_Device_Library: [11]
    usbd_core.o                         744
    usbd_ctlreq.o                     1'516                 1
    usbd_ioreq.o                        148
    ---------------------------------------------------------
    Total:                            2'408                 1

dl7M_tln.a: [12]
    abort.o                               6
    exit.o                                4
    low_level_init.o                      4
    sprintf.o                            64
    strncmp.o                            42
    vsnprint.o                           60
    xfail_s.o                            64                 4
    xprintffull_nomb.o                3'726
    xsnprout.o                           26
    xsprout.o                            10
    ---------------------------------------------------------
    Total:                            4'006                 4

m7M_tls.a: [13]
    DblAddSub.o                         606
    DblCmpEq.o                           32
    DblCmpGe.o                           52
    DblCmpLe.o                           52
    DblDiv.o                            582
    DblMul.o                            426
    DblToFlt.o                          104
    DblToS32.o                           54
    DblToU32.o                           34
    FltToDbl.o                           72
    S32ToDbl.o                           34
    U32ToDbl.o                           28
    asin64.o                            252
    atan2_64.o                          288
    fpinit_M.o                           34
    frexp.o                             112
    iar_Atan64.o                        464       64
    ldexp.o                             314
    math_wrappers64.o                    34
    sqrt.o                              242
    ---------------------------------------------------------
    Total:                            3'816       64

rt7M_tl.a: [14]
    ABImemcpy.o                         166
    ABImemset.o                         102
    I64DivMod.o                         628
    I64DivZer.o                           2
    cexit.o                              10
    cmain.o                              30
    cstartup_M.o                         28
    data_init.o                          40
    lz77_init_single.o                  126
    memchr.o                             88
    strchr.o                             22
    strlen.o                             54
    zero_init3.o                         56
    ---------------------------------------------------------
    Total:                            1'352

shb_l.a: [15]
    exit.o                               20
    ---------------------------------------------------------
    Total:                               20

    Gaps                                 58        8
    Linker created                                32   16'384
-------------------------------------------------------------
    Grand Total:                     72'632    2'608   21'350


*******************************************************************************
*** ENTRY LIST
***

Entry                       Address   Size  Type      Object
-----                       -------   ----  ----      ------
.iar.init_table$$Base    0x801'1fe4          --   Gb  - Linker created -
.iar.init_table$$Limit   0x801'2004          --   Gb  - Linker created -
?main                    0x801'20e5         Code  Gb  cmain.o [14]
ACCELERO_Data           0x2000'1100   0x10  Data  Lc  steval_fcu001_v1_accelero.o [3]
ACCELERO_SensorHandle   0x2000'0fdc   0x28  Data  Lc  steval_fcu001_v1_accelero.o [3]
ADC_IRQHandler           0x801'233d         Code  Wk  startup_stm32f401xc.o [1]
ADC_Init                 0x800'd1cd  0x164  Code  Lc  stm32f4xx_hal_adc.o [6]
APBAHBPrescTable         0x801'221c   0x10  Data  Gb  stm32f4xx_hal_rcc.o [6]
ARMING_Update            0x800'5a3b   0x7a  Code  Gb  sensor_service.o [2]
AccEventCharHandle      0x2000'134e    0x2  Data  Lc  sensor_service.o [2]
AccGyroMagCharHandle    0x2000'134c    0x2  Data  Lc  sensor_service.o [2]
AccGyroMag_Update        0x800'580f  0x11c  Code  Gb  sensor_service.o [2]
Add_ConfigW2ST_Service   0x800'5145   0xe0  Code  Gb  sensor_service.o [2]
Add_ConsoleW2ST_Service
                         0x800'5225  0x152  Code  Gb  sensor_service.o [2]
Add_HWServW2ST_Service   0x800'5527  0x2e8  Code  Gb  sensor_service.o [2]
ArmingCharHandle        0x2000'1350    0x2  Data  Lc  sensor_service.o [2]
Attribute_Modified_CB    0x800'5d29  0x1be  Code  Gb  sensor_service.o [2]
BNRG_SPI_Init            0x800'43c1   0x3e  Code  Gb  SPBTLE_RF.o [5]
BSP_ACCELERO_Get_Axes    0x800'ad37   0x3a  Code  Gb  steval_fcu001_v1_accelero.o [3]
BSP_ACCELERO_Init        0x800'ab11   0x52  Code  Gb  steval_fcu001_v1_accelero.o [3]
BSP_ACCELERO_Read_Reg    0x800'ade3   0x4a  Code  Gb  steval_fcu001_v1_accelero.o [3]
BSP_ACCELERO_Sensor_Enable
                         0x800'ad09   0x2e  Code  Gb  steval_fcu001_v1_accelero.o [3]
BSP_ACCELERO_Set_FS      0x800'adaf   0x34  Code  Gb  steval_fcu001_v1_accelero.o [3]
BSP_ACCELERO_Set_ODR_Value
                         0x800'ad71   0x3e  Code  Gb  steval_fcu001_v1_accelero.o [3]
BSP_ACCELERO_Write_Reg   0x800'ae2d   0x44  Code  Gb  steval_fcu001_v1_accelero.o [3]
BSP_GYRO_Get_Axes        0x800'afc7   0x3a  Code  Gb  steval_fcu001_v1_gyro.o [3]
BSP_GYRO_Init            0x800'ae71   0x34  Code  Gb  steval_fcu001_v1_gyro.o [3]
BSP_GYRO_Sensor_Enable   0x800'af99   0x2e  Code  Gb  steval_fcu001_v1_gyro.o [3]
BSP_GYRO_Write_Reg       0x800'b001   0x44  Code  Gb  steval_fcu001_v1_gyro.o [3]
BSP_LED_Init             0x800'3531   0x7a  Code  Gb  steval_fcu001_v1.o [3]
BSP_LED_Off              0x800'35d1   0x26  Code  Gb  steval_fcu001_v1.o [3]
BSP_LED_On               0x800'35ab   0x26  Code  Gb  steval_fcu001_v1.o [3]
BSP_LED_Toggle           0x800'35f7   0x24  Code  Gb  steval_fcu001_v1.o [3]
BSP_LIS2MDL_MAGNETO_Init
                         0x800'b079   0x98  Code  Lc  steval_fcu001_v1_magneto.o [3]
BSP_LPS22HB_PRESSURE_Init
                         0x800'c2d9  0x10e  Code  Lc  steval_fcu001_v1_pressure.o [3]
BSP_LPS22HB_TEMPERATURE_Init
                         0x800'c49d   0xfc  Code  Lc  steval_fcu001_v1_temperature.o [3]
BSP_LSM303AGR_ACCELERO_Init
                         0x800'ac45   0xa4  Code  Lc  steval_fcu001_v1_accelero.o [3]
BSP_LSM6DSL_ACCELERO_Init
                         0x800'ab63   0xe2  Code  Lc  steval_fcu001_v1_accelero.o [3]
BSP_LSM6DSL_GYRO_Init    0x800'aea5   0xde  Code  Lc  steval_fcu001_v1_gyro.o [3]
BSP_MAGNETO_Get_Axes     0x800'b14f   0x3a  Code  Gb  steval_fcu001_v1_magneto.o [3]
BSP_MAGNETO_Init         0x800'b045   0x34  Code  Gb  steval_fcu001_v1_magneto.o [3]
BSP_MAGNETO_Sensor_Enable
                         0x800'b121   0x2e  Code  Gb  steval_fcu001_v1_magneto.o [3]
BSP_MAGNETO_Write_Reg    0x800'b189   0x44  Code  Gb  steval_fcu001_v1_magneto.o [3]
BSP_PRESSURE_Get_Press   0x800'c447   0x3a  Code  Gb  steval_fcu001_v1_pressure.o [3]
BSP_PRESSURE_Init        0x800'c2a5   0x34  Code  Gb  steval_fcu001_v1_pressure.o [3]
BSP_PRESSURE_IsInitialized
                         0x800'c42b   0x1c  Code  Gb  steval_fcu001_v1_pressure.o [3]
BSP_PRESSURE_Sensor_Enable
                         0x800'c3fd   0x2e  Code  Gb  steval_fcu001_v1_pressure.o [3]
BSP_TEMPERATURE_Get_Temp
                         0x800'c5db   0x3a  Code  Gb  steval_fcu001_v1_temperature.o [3]
BSP_TEMPERATURE_Init     0x800'c481   0x1c  Code  Gb  steval_fcu001_v1_temperature.o [3]
BSP_TEMPERATURE_Sensor_Enable
                         0x800'c5ad   0x2e  Code  Gb  steval_fcu001_v1_temperature.o [3]
Batt_Env_RSSI_Update     0x800'592b  0x110  Code  Gb  sensor_service.o [2]
BlueNRG_DataPresent      0x800'4425   0x16  Code  Gb  SPBTLE_RF.o [5]
BlueNRG_Init             0x800'a5e5  0x1d4  Code  Gb  main.o [2]
BlueNRG_RST              0x800'43ff   0x26  Code  Gb  SPBTLE_RF.o [5]
BlueNRG_SPI_Read_All     0x800'443b   0xd4  Code  Gb  SPBTLE_RF.o [5]
BlueNRG_SPI_Write        0x800'450f   0xd4  Code  Gb  SPBTLE_RF.o [5]
BufferToWrite           0x2000'0948  0x100  Data  Gb  main.o [2]
BusFault_Handler         0x801'22e5         Code  Wk  startup_stm32f401xc.o [1]
BytesToWrite            0x2000'1304    0x4  Data  Gb  main.o [2]
CSTACK$$Base            0x2000'1368          --   Gb  - Linker created -
CSTACK$$Limit           0x2000'5368          --   Gb  - Linker created -
ClearTimer               0x800'6ec9    0x6  Code  Gb  timer.o [2]
Clear_SPI_EXTI_Flag      0x800'45f7    0x8  Code  Gb  SPBTLE_RF.o [5]
ConfigCharHandle        0x2000'1356    0x2  Data  Lc  sensor_service.o [2]
ConfigCommandParsing     0x800'6201    0x6  Code  Lc  sensor_service.o [2]
ConfigServW2STHandle    0x2000'1354    0x2  Data  Lc  sensor_service.o [2]
ConnectionBleStatus     0x2000'1300    0x4  Data  Gb  main.o [2]
ConsoleW2STHandle       0x2000'1358    0x2  Data  Lc  sensor_service.o [2]
DMA1_Stream0_IRQHandler
                         0x801'2321         Code  Wk  startup_stm32f401xc.o [1]
DMA1_Stream1_IRQHandler
                         0x801'2325         Code  Wk  startup_stm32f401xc.o [1]
DMA1_Stream2_IRQHandler
                         0x801'2329         Code  Wk  startup_stm32f401xc.o [1]
DMA1_Stream3_IRQHandler
                         0x801'232d         Code  Wk  startup_stm32f401xc.o [1]
DMA1_Stream4_IRQHandler
                         0x801'2331         Code  Wk  startup_stm32f401xc.o [1]
DMA1_Stream5_IRQHandler
                         0x801'2335         Code  Wk  startup_stm32f401xc.o [1]
DMA1_Stream6_IRQHandler
                         0x801'2339         Code  Wk  startup_stm32f401xc.o [1]
DMA1_Stream7_IRQHandler
                         0x801'2379         Code  Wk  startup_stm32f401xc.o [1]
DMA2_Stream0_IRQHandler
                         0x801'2389         Code  Wk  startup_stm32f401xc.o [1]
DMA2_Stream1_IRQHandler
                         0x801'238d         Code  Wk  startup_stm32f401xc.o [1]
DMA2_Stream2_IRQHandler
                         0x801'2391         Code  Wk  startup_stm32f401xc.o [1]
DMA2_Stream3_IRQHandler
                         0x801'2395         Code  Wk  startup_stm32f401xc.o [1]
DMA2_Stream4_IRQHandler
                         0x801'2399         Code  Wk  startup_stm32f401xc.o [1]
DMA2_Stream5_IRQHandler
                         0x801'239d         Code  Wk  startup_stm32f401xc.o [1]
DMA2_Stream6_IRQHandler
                         0x801'23a1         Code  Wk  startup_stm32f401xc.o [1]
DMA2_Stream7_IRQHandler
                         0x801'23a5         Code  Wk  startup_stm32f401xc.o [1]
DebugConsoleCommandParsing
                         0x800'5f19  0x2e2  Code  Lc  sensor_service.o [2]
DebugMon_Handler         0x801'22f1         Code  Wk  startup_stm32f401xc.o [1]
DisableHWFeatures        0x800'6345    0x2  Code  Lc  sensor_service.o [2]
Disable_SPI_IRQ          0x800'45ed    0xa  Code  Gb  SPBTLE_RF.o [5]
EXTI0_IRQHandler         0x801'2311         Code  Wk  startup_stm32f401xc.o [1]
EXTI15_10_IRQHandler     0x801'236d         Code  Wk  startup_stm32f401xc.o [1]
EXTI1_IRQHandler         0x801'2315         Code  Wk  startup_stm32f401xc.o [1]
EXTI2_IRQHandler         0x801'2319         Code  Wk  startup_stm32f401xc.o [1]
EXTI3_IRQHandler         0x801'231d         Code  Wk  startup_stm32f401xc.o [1]
EXTI4_IRQHandler         0x801'19e5    0xa  Code  Gb  stm32f4xx_it.o [2]
EXTI9_5_IRQHandler       0x801'2341         Code  Wk  startup_stm32f401xc.o [1]
Enable_SPI_IRQ           0x800'45e3    0xa  Code  Gb  SPBTLE_RF.o [5]
EnvironmentalCharHandle
                        0x2000'134a    0x2  Data  Lc  sensor_service.o [2]
EnvironmentalCharSize   0x2000'0299    0x1  Data  Lc  sensor_service.o [2]
FLASH_IRQHandler         0x801'2309         Code  Wk  startup_stm32f401xc.o [1]
FPU_IRQHandler           0x801'23b5         Code  Wk  startup_stm32f401xc.o [1]
FlightControlPID_OuterLoop
                         0x800'bc41  0x180  Code  Gb  flight_control.o [2]
FlightControlPID_innerLoop
                         0x800'bdc1  0x35e  Code  Gb  flight_control.o [2]
Fly_origin              0x2000'122c    0x8  Data  Gb  main.o [2]
GAP_ConnectionComplete_CB
                         0x800'5b61   0x58  Code  Lc  sensor_service.o [2]
GAP_DisconnectionComplete_CB
                         0x800'5bb9   0x30  Code  Lc  sensor_service.o [2]
GPIO_PIN                 0x801'22c0    0x8  Data  Gb  steval_fcu001_v1.o [3]
GPIO_PORT               0x2000'028c    0x8  Data  Gb  steval_fcu001_v1.o [3]
GYRO_Data               0x2000'123c    0x8  Data  Lc  steval_fcu001_v1_gyro.o [3]
GYRO_SensorHandle       0x2000'1070   0x14  Data  Lc  steval_fcu001_v1_gyro.o [3]
GetTargetEulerAngle      0x800'64ad  0x106  Code  Gb  rc.o [2]
HAL_ADC_ConfigChannel    0x800'd04f  0x17e  Code  Gb  stm32f4xx_hal_adc.o [6]
HAL_ADC_GetValue         0x800'd049    0x6  Code  Gb  stm32f4xx_hal_adc.o [6]
HAL_ADC_Init             0x800'ce19   0x64  Code  Gb  stm32f4xx_hal_adc.o [6]
HAL_ADC_MspInit          0x800'463b   0x42  Code  Gb  stm32f4xx_hal_msp.o [2]
HAL_ADC_PollForConversion
                         0x800'cf9f   0xaa  Code  Gb  stm32f4xx_hal_adc.o [6]
HAL_ADC_Start            0x800'ce7d   0xe4  Code  Gb  stm32f4xx_hal_adc.o [6]
HAL_ADC_Stop             0x800'cf61   0x3e  Code  Gb  stm32f4xx_hal_adc.o [6]
HAL_DMA_Abort_IT         0x800'4901   0x28  Code  Gb  stm32f4xx_hal_dma.o [6]
HAL_Delay                0x800'4e63   0x18  Code  Wk  stm32f4xx_hal.o [6]
HAL_GPIO_EXTI_Callback   0x800'4371   0x18  Code  Gb  SPBTLE_RF.o [5]
HAL_GPIO_EXTI_IRQHandler
                         0x800'3e6f   0x20  Code  Gb  stm32f4xx_hal_gpio.o [6]
HAL_GPIO_Init            0x800'3c59  0x1da  Code  Gb  stm32f4xx_hal_gpio.o [6]
HAL_GPIO_ReadPin         0x800'3e33   0x16  Code  Gb  stm32f4xx_hal_gpio.o [6]
HAL_GPIO_TogglePin       0x800'3e63    0xc  Code  Gb  stm32f4xx_hal_gpio.o [6]
HAL_GPIO_WritePin        0x800'3e49   0x1a  Code  Gb  stm32f4xx_hal_gpio.o [6]
HAL_GetHalVersion        0x800'6e21    0x6  Code  Gb  stm32f4xx_hal.o [6]
HAL_GetTick              0x800'48f5    0xc  Code  Wk  stm32f4xx_hal.o [6]
HAL_IncTick              0x801'19f1   0x10  Code  Wk  stm32f4xx_hal.o [6]
HAL_Init                 0x800'6df1   0x30  Code  Gb  stm32f4xx_hal.o [6]
HAL_InitTick             0x800'8535   0x28  Code  Wk  stm32f4xx_hal.o [6]
HAL_MspInit              0x800'4625   0x16  Code  Gb  stm32f4xx_hal_msp.o [2]
HAL_NVIC_DisableIRQ      0x800'4fb1    0xe  Code  Gb  stm32f4xx_hal_cortex.o [6]
HAL_NVIC_EnableIRQ       0x800'4fa3    0xe  Code  Gb  stm32f4xx_hal_cortex.o [6]
HAL_NVIC_SetPriority     0x800'4f79   0x2a  Code  Gb  stm32f4xx_hal_cortex.o [6]
HAL_NVIC_SetPriorityGrouping
                         0x800'4f6d    0xc  Code  Gb  stm32f4xx_hal_cortex.o [6]
HAL_PCD_ConnectCallback
                         0x800'f2ed    0xe  Code  Gb  usbd_conf.o [2]
HAL_PCD_DataInStageCallback
                         0x800'f223   0x22  Code  Gb  usbd_conf.o [2]
HAL_PCD_DataOutStageCallback
                         0x800'f1ff   0x24  Code  Gb  usbd_conf.o [2]
HAL_PCD_DisconnectCallback
                         0x800'f2fb    0xe  Code  Gb  usbd_conf.o [2]
HAL_PCD_EP_ClrStall      0x800'e751   0x66  Code  Gb  stm32f4xx_hal_pcd.o [6]
HAL_PCD_EP_Open          0x800'e52d   0xa2  Code  Gb  stm32f4xx_hal_pcd.o [6]
HAL_PCD_EP_Receive       0x800'e5cf   0x84  Code  Gb  stm32f4xx_hal_pcd.o [6]
HAL_PCD_EP_SetStall      0x800'e6d7   0x7a  Code  Gb  stm32f4xx_hal_pcd.o [6]
HAL_PCD_EP_Transmit      0x800'e653   0x84  Code  Gb  stm32f4xx_hal_pcd.o [6]
HAL_PCD_IRQHandler       0x800'dee5  0x5ee  Code  Gb  stm32f4xx_hal_pcd.o [6]
HAL_PCD_ISOINIncompleteCallback
                         0x800'f2d9   0x14  Code  Gb  usbd_conf.o [2]
HAL_PCD_ISOOUTIncompleteCallback
                         0x800'f2c5   0x14  Code  Gb  usbd_conf.o [2]
HAL_PCD_ResetCallback    0x800'f253   0x32  Code  Gb  usbd_conf.o [2]
HAL_PCD_ResumeCallback   0x800'f2b7    0xe  Code  Gb  usbd_conf.o [2]
HAL_PCD_SOFCallback      0x800'f245    0xe  Code  Gb  usbd_conf.o [2]
HAL_PCD_SetAddress       0x800'e501   0x2c  Code  Gb  stm32f4xx_hal_pcd.o [6]
HAL_PCD_SetupStageCallback
                         0x800'f1ed   0x12  Code  Gb  usbd_conf.o [2]
HAL_PCD_SuspendCallback
                         0x800'f285   0x32  Code  Gb  usbd_conf.o [2]
HAL_RCC_ClockConfig      0x800'8565  0x188  Code  Gb  stm32f4xx_hal_rcc.o [6]
HAL_RCC_GetHCLKFreq      0x800'86ed    0x6  Code  Gb  stm32f4xx_hal_rcc.o [6]
HAL_RCC_GetPCLK1Freq     0x800'86f3   0x20  Code  Gb  stm32f4xx_hal_rcc.o [6]
HAL_RCC_GetPCLK2Freq     0x800'8713   0x20  Code  Gb  stm32f4xx_hal_rcc.o [6]
HAL_RCC_GetSysClockFreq
                         0x800'93a9   0xa8  Code  Wk  stm32f4xx_hal_rcc.o [6]
HAL_RCC_OscConfig        0x800'ca95  0x384  Code  Wk  stm32f4xx_hal_rcc.o [6]
HAL_SPI_ErrorCallback    0x800'4929    0x2  Code  Wk  stm32f4xx_hal_spi.o [6]
HAL_SPI_GetState         0x800'4285    0x6  Code  Gb  stm32f4xx_hal_spi.o [6]
HAL_SPI_IRQHandler       0x800'4175  0x110  Code  Gb  stm32f4xx_hal_spi.o [6]
HAL_SPI_Init             0x800'3ec1   0x8e  Code  Gb  stm32f4xx_hal_spi.o [6]
HAL_SPI_MspInit          0x800'467d  0x12c  Code  Gb  stm32f4xx_hal_msp.o [2]
HAL_SPI_TransmitReceive
                         0x800'3f4f  0x226  Code  Gb  stm32f4xx_hal_spi.o [6]
HAL_SYSTICK_CLKSourceConfig
                         0x800'4fcb   0x1c  Code  Gb  stm32f4xx_hal_cortex.o [6]
HAL_SYSTICK_Callback     0x800'63ff   0x28  Code  Gb  rc.o [2]
HAL_SYSTICK_Config       0x800'4fbf    0xc  Code  Gb  stm32f4xx_hal_cortex.o [6]
HAL_SYSTICK_IRQHandler   0x800'500d    0x8  Code  Gb  stm32f4xx_hal_cortex.o [6]
HAL_TIMEx_BreakCallback
                         0x800'd527    0x2  Code  Wk  stm32f4xx_hal_tim_ex.o [6]
HAL_TIMEx_CommutationCallback
                         0x800'd52b    0x2  Code  Wk  stm32f4xx_hal_tim_ex.o [6]
HAL_TIMEx_MasterConfigSynchronization
                         0x800'd34d   0x5a  Code  Gb  stm32f4xx_hal_tim_ex.o [6]
HAL_TIM_Base_Init        0x800'b1cd   0x38  Code  Gb  stm32f4xx_hal_tim.o [6]
HAL_TIM_Base_MspInit     0x800'47a9   0xc8  Code  Gb  stm32f4xx_hal_msp.o [2]
HAL_TIM_Base_Start_IT    0x800'b205   0x1e  Code  Gb  stm32f4xx_hal_tim.o [6]
HAL_TIM_ConfigClockSource
                         0x800'b685  0x11c  Code  Gb  stm32f4xx_hal_tim.o [6]
HAL_TIM_IC_CaptureCallback
                         0x800'63f3    0xc  Code  Gb  rc.o [2]
HAL_TIM_IC_ConfigChannel
                         0x800'b4af   0xd6  Code  Gb  stm32f4xx_hal_tim.o [6]
HAL_TIM_IC_Init          0x800'b291   0x38  Code  Gb  stm32f4xx_hal_tim.o [6]
HAL_TIM_IC_MspInit       0x800'd521    0x2  Code  Wk  stm32f4xx_hal_tim.o [6]
HAL_TIM_IC_Start_IT      0x800'b2c9   0x6c  Code  Gb  stm32f4xx_hal_tim.o [6]
HAL_TIM_IRQHandler       0x800'b339  0x176  Code  Gb  stm32f4xx_hal_tim.o [6]
HAL_TIM_OC_DelayElapsedCallback
                         0x800'd523    0x2  Code  Wk  stm32f4xx_hal_tim.o [6]
HAL_TIM_PWM_ConfigChannel
                         0x800'b585  0x100  Code  Gb  stm32f4xx_hal_tim.o [6]
HAL_TIM_PWM_Init         0x800'b223   0x38  Code  Gb  stm32f4xx_hal_tim.o [6]
HAL_TIM_PWM_MspInit      0x800'd51f    0x2  Code  Wk  stm32f4xx_hal_tim.o [6]
HAL_TIM_PWM_PulseFinishedCallback
                         0x800'd525    0x2  Code  Wk  stm32f4xx_hal_tim.o [6]
HAL_TIM_PWM_Start        0x800'b25b   0x36  Code  Gb  stm32f4xx_hal_tim.o [6]
HAL_TIM_PeriodElapsedCallback
                         0x800'9ebd  0x624  Code  Gb  main.o [2]
HAL_TIM_TriggerCallback
                         0x800'd529    0x2  Code  Wk  stm32f4xx_hal_tim.o [6]
HAL_UART_ErrorCallback   0x800'855d    0x2  Code  Wk  stm32f4xx_hal_uart.o [6]
HAL_UART_IRQHandler      0x800'709b  0x13a  Code  Gb  stm32f4xx_hal_uart.o [6]
HAL_UART_Init            0x800'6f45   0x76  Code  Gb  stm32f4xx_hal_uart.o [6]
HAL_UART_MspInit         0x800'4871   0x58  Code  Gb  stm32f4xx_hal_msp.o [2]
HAL_UART_RxCpltCallback
                         0x800'8561    0x2  Code  Wk  stm32f4xx_hal_uart.o [6]
HAL_UART_Transmit        0x800'6fbb   0xe0  Code  Gb  stm32f4xx_hal_uart.o [6]
HAL_UART_TxCpltCallback
                         0x800'855f    0x2  Code  Wk  stm32f4xx_hal_uart.o [6]
HCI_Event_CB             0x800'6207   0x96  Code  Gb  sensor_service.o [2]
HCI_Init                 0x800'492d   0x38  Code  Gb  hci.o [7]
HCI_Isr                  0x800'49e3   0x78  Code  Gb  hci.o [7]
HCI_Process              0x800'4989   0x50  Code  Gb  hci.o [7]
HCI_ProcessEvent        0x2000'12a8    0x4  Data  Gb  main.o [2]
HCI_Queue_Empty          0x800'49d9    0xa  Code  Gb  hci.o [7]
HCI_verify               0x800'4965   0x24  Code  Gb  hci.o [7]
HWServW2STHandle        0x2000'1348    0x2  Data  Lc  sensor_service.o [2]
Hal_Write_Serial         0x800'4389   0x38  Code  Gb  SPBTLE_RF.o [5]
HardFault_Handler        0x801'22dd         Code  Wk  startup_stm32f401xc.o [1]
I2C1_ER_IRQHandler       0x801'235d         Code  Wk  startup_stm32f401xc.o [1]
I2C1_EV_IRQHandler       0x801'2359         Code  Wk  startup_stm32f401xc.o [1]
I2C2_ER_IRQHandler       0x801'2365         Code  Wk  startup_stm32f401xc.o [1]
I2C2_EV_IRQHandler       0x801'2361         Code  Wk  startup_stm32f401xc.o [1]
I2C3_ER_IRQHandler       0x801'23b1         Code  Wk  startup_stm32f401xc.o [1]
I2C3_EV_IRQHandler       0x801'23ad         Code  Wk  startup_stm32f401xc.o [1]
Init_BlueNRG_Custom_Services
                         0x800'a7c1   0x4c  Code  Lc  main.o [2]
LIS2MDLDrv              0x2000'0004   0x48  Data  Gb  LIS2MDL_MAG_driver_HL.o [5]
LIS2MDL_Check_WhoAmI     0x801'142d   0x2c  Code  Lc  LIS2MDL_MAG_driver_HL.o [5]
LIS2MDL_DeInit           0x801'139f   0x28  Code  Lc  LIS2MDL_MAG_driver_HL.o [5]
LIS2MDL_Get_Axes         0x801'1459   0x82  Code  Lc  LIS2MDL_MAG_driver_HL.o [5]
LIS2MDL_Get_AxesRaw      0x801'14db   0x2a  Code  Lc  LIS2MDL_MAG_driver_HL.o [5]
LIS2MDL_Get_Axes_Raw     0x801'16b1   0x34  Code  Lc  LIS2MDL_MAG_driver_HL.o [5]
LIS2MDL_Get_DRDY_Status
                         0x801'1683   0x2e  Code  Lc  LIS2MDL_MAG_driver_HL.o [5]
LIS2MDL_Get_FS           0x801'160b    0xa  Code  Lc  LIS2MDL_MAG_driver_HL.o [5]
LIS2MDL_Get_ODR          0x801'1511   0x50  Code  Lc  LIS2MDL_MAG_driver_HL.o [5]
LIS2MDL_Get_Sensitivity
                         0x801'1505    0xc  Code  Lc  LIS2MDL_MAG_driver_HL.o [5]
LIS2MDL_Get_WhoAmI       0x801'1413   0x1a  Code  Lc  LIS2MDL_MAG_driver_HL.o [5]
LIS2MDL_Init             0x801'1335   0x6a  Code  Lc  LIS2MDL_MAG_driver_HL.o [5]
LIS2MDL_MAG_Get_MagneticOutputs
                         0x801'18bf   0x5a  Code  Gb  LIS2MDL_MAG_driver.o [5]
LIS2MDL_MAG_R_DataRate   0x801'17e7   0x26  Code  Gb  LIS2MDL_MAG_driver.o [5]
LIS2MDL_MAG_R_STATUS_bits
                         0x801'189d   0x22  Code  Gb  LIS2MDL_MAG_driver.o [5]
LIS2MDL_MAG_R_WhoAmI_Bits
                         0x801'1731   0x26  Code  Gb  LIS2MDL_MAG_driver.o [5]
LIS2MDL_MAG_ReadReg      0x801'170b   0x26  Code  Gb  LIS2MDL_MAG_driver.o [5]
LIS2MDL_MAG_W_BlockDataUpdate
                         0x801'1855   0x48  Code  Gb  LIS2MDL_MAG_driver.o [5]
LIS2MDL_MAG_W_DataRate   0x801'179f   0x48  Code  Gb  LIS2MDL_MAG_driver.o [5]
LIS2MDL_MAG_W_Operating_Mode
                         0x801'1757   0x48  Code  Gb  LIS2MDL_MAG_driver.o [5]
LIS2MDL_MAG_W_SelfTest   0x801'180d   0x48  Code  Gb  LIS2MDL_MAG_driver.o [5]
LIS2MDL_MAG_WriteReg     0x801'16e5   0x26  Code  Gb  LIS2MDL_MAG_driver.o [5]
LIS2MDL_M_0_Data        0x2000'1366    0x1  Data  Lc  steval_fcu001_v1_magneto.o [3]
LIS2MDL_M_0_handle      0x2000'12b4    0x4  Data  Lc  main.o [2]
LIS2MDL_Read_Reg         0x801'1641   0x22  Code  Lc  LIS2MDL_MAG_driver_HL.o [5]
LIS2MDL_Sensor_Disable   0x801'13ed   0x26  Code  Lc  LIS2MDL_MAG_driver_HL.o [5]
LIS2MDL_Sensor_Enable    0x801'13c7   0x26  Code  Lc  LIS2MDL_MAG_driver_HL.o [5]
LIS2MDL_Set_FS           0x801'1635    0x6  Code  Lc  LIS2MDL_MAG_driver_HL.o [5]
LIS2MDL_Set_FS_Value     0x801'163b    0x6  Code  Lc  LIS2MDL_MAG_driver_HL.o [5]
LIS2MDL_Set_ODR          0x801'1561   0x4a  Code  Lc  LIS2MDL_MAG_driver_HL.o [5]
[...]
USB_GetDevSpeed          0x800'e8ad   0x4e  Code  Gb  stm32f4xx_ll_usb.o [6]
USB_GetMode              0x800'f13d    0x8  Code  Gb  stm32f4xx_ll_usb.o [6]
USB_ReadDevAllInEpInterrupt
                         0x800'f0df   0x14  Code  Gb  stm32f4xx_ll_usb.o [6]
USB_ReadDevAllOutEpInterrupt
                         0x800'f0cb   0x14  Code  Gb  stm32f4xx_ll_usb.o [6]
USB_ReadDevInEPInterrupt
                         0x800'f10d   0x30  Code  Gb  stm32f4xx_ll_usb.o [6]
USB_ReadDevOutEPInterrupt
                         0x800'f0f3   0x1a  Code  Gb  stm32f4xx_ll_usb.o [6]
USB_ReadInterrupts       0x800'f0bf    0xc  Code  Gb  stm32f4xx_ll_usb.o [6]
USB_ReadPacket           0x800'ef35   0x28  Code  Gb  stm32f4xx_ll_usb.o [6]
USB_SetDevAddress        0x800'f091   0x2e  Code  Gb  stm32f4xx_ll_usb.o [6]
USB_WritePacket          0x800'eef1   0x44  Code  Gb  stm32f4xx_ll_usb.o [6]
UsageFault_Handler       0x801'22e9         Code  Wk  startup_stm32f401xc.o [1]
User_Timer_Callback      0x800'6ef9    0xa  Code  Gb  timer.o [2]
VBAT                    0x2000'12fc    0x4  Data  Gb  main.o [2]
VBAT_Sense              0x2000'12f8    0x4  Data  Gb  main.o [2]
WWDG_IRQHandler          0x801'22f9         Code  Wk  startup_stm32f401xc.o [1]
_LC                      0x800'76a5    0x6  Code  Lc  xprintffull_nomb.o [12]
_LitobFullNoMb           0x800'8335  0x114  Code  Lc  xprintffull_nomb.o [12]
_PrintfFullNoMb          0x800'76ab  0xc76  Code  Gb  xprintffull_nomb.o [12]
_PutcharsFullNoMb        0x800'84a1   0x2e  Code  Lc  xprintffull_nomb.o [12]
_SNProut                 0x800'3517   0x1a  Code  Gb  xsnprout.o [12]
_SProut                  0x800'3c4f    0xa  Code  Gb  xsprout.o [12]
__aeabi_cdcmpeq          0x800'dec5         Code  Gb  DblCmpEq.o [13]
__aeabi_cdcmple          0x800'88a1         Code  Gb  DblCmpLe.o [13]
__aeabi_cdrcmple         0x800'88d5         Code  Gb  DblCmpGe.o [13]
__aeabi_d2f              0x800'c65d         Code  Gb  DblToFlt.o [13]
__aeabi_d2iz             0x800'8a45         Code  Gb  DblToS32.o [13]
__aeabi_d2uiz            0x800'8f49         Code  Gb  DblToU32.o [13]
__aeabi_dadd             0x800'8aa1         Code  Gb  DblAddSub.o [13]
__aeabi_ddiv             0x800'8d01         Code  Gb  DblDiv.o [13]
__aeabi_dmul             0x800'8f89         Code  Gb  DblMul.o [13]
__aeabi_dsub             0x800'8c1d         Code  Gb  DblAddSub.o [13]
__aeabi_f2d              0x800'c615         Code  Gb  FltToDbl.o [13]
__aeabi_i2d              0x800'8a7d         Code  Gb  S32ToDbl.o [13]
__aeabi_ldiv0            0x800'9459         Code  Gb  I64DivZer.o [14]
__aeabi_ldivmod          0x800'9135         Code  Gb  I64DivMod.o [14]
__aeabi_memcpy           0x800'6961         Code  Gb  ABImemcpy.o [14]
__aeabi_memcpy4          0x800'6981         Code  Gb  ABImemcpy.o [14]
__aeabi_memcpy8          0x800'6981         Code  Gb  ABImemcpy.o [14]
__aeabi_memset           0x800'34b1         Code  Gb  ABImemset.o [14]
__aeabi_ui2d             0x800'8f6d         Code  Gb  U32ToDbl.o [13]
__aeabi_uldivmod         0x800'9179         Code  Gb  I64DivMod.o [14]
__cmain                  0x801'20e5         Code  Gb  cmain.o [14]
__exit                   0x800'945d   0x14  Code  Gb  exit.o [15]
__iar_Atan64             0x800'dcf5  0x1d0  Code  Gb  iar_Atan64.o [13]
__iar_Fail_s             0x800'8761   0x1c  Code  Gb  xfail_s.o [12]
__iar_Memchr             0x800'87d9         Code  Gb  memchr.o [14]
__iar_Memset             0x800'34b1         Code  Gb  ABImemset.o [14]
__iar_Memset_word        0x800'34b9         Code  Gb  ABImemset.o [14]
__iar_Strchr             0x800'8749         Code  Gb  strchr.o [14]
__iar_asin64             0x800'd9e5   0xfc  Code  Gb  asin64.o [13]
__iar_atan2_64           0x800'dae1  0x120  Code  Gb  atan2_64.o [13]
__iar_data_init3         0x801'1ee5   0x28  Code  Gb  data_init.o [14]
__iar_frexp              0x800'883d         Code  Gb  frexp.o [13]
__iar_frexpl             0x800'883d         Code  Gb  frexp.o [13]
__iar_init_vfp           0x801'1fc1         Code  Gb  fpinit_M.o [13]
__iar_ldexp64            0x800'8909         Code  Gb  ldexp.o [13]
__iar_lz77_init_single3
                         0x800'1fcf   0x7e  Code  Gb  lz77_init_single.o [14]
__iar_program_start      0x801'2189         Code  Gb  cstartup_M.o [14]
__iar_scalbln64          0x800'8909         Code  Gb  ldexp.o [13]
__iar_scalbn64           0x800'8909         Code  Gb  ldexp.o [13]
__iar_softfp___iar_frexp64
                         0x800'8831         Code  Gb  frexp.o [13]
__iar_softfp_frexp       0x800'8831         Code  Gb  frexp.o [13]
__iar_softfp_frexpl      0x800'8831         Code  Gb  frexp.o [13]
__iar_sqrt64             0x800'dc01         Code  Gb  sqrt.o [13]
__iar_vfp_asin           0x800'd9c7    0xc  Code  Gb  math_wrappers64.o [13]
__iar_vfp_atan2          0x800'd9d3   0x10  Code  Gb  math_wrappers64.o [13]
__iar_zero_init3         0x801'1ba1   0x38  Code  Gb  zero_init3.o [14]
__low_level_init         0x801'2103    0x4  Code  Gb  low_level_init.o [12]
__vector_table           0x800'0000         Data  Gb  startup_stm32f401xc.o [1]
_call_main               0x801'20f1         Code  Gb  cmain.o [14]
_exit                    0x801'210d         Code  Gb  cexit.o [14]
a                        0x801'1b60   0x40  Data  Lc  iar_Atan64.o [13]
abort                    0x800'9451    0x6  Code  Gb  abort.o [12]
acc                     0x2000'1144    0xc  Data  Gb  main.o [2]
acc_FIFO                0x2000'0ddc   0x3c  Data  Gb  main.o [2]
acc_ahrs                0x2000'118c    0xc  Data  Gb  main.o [2]
acc_ahrs_FIFO           0x2000'0da0   0x3c  Data  Gb  main.o [2]
acc_fil                 0x2000'1180    0xc  Data  Gb  main.o [2]
acc_fil_int             0x2000'1168    0xc  Data  Gb  main.o [2]
acc_off_calc            0x2000'11bc    0xc  Data  Gb  main.o [2]
acc_offset              0x2000'11d4    0xc  Data  Gb  main.o [2]
acc_x_pre               0x2000'0f20   0x30  Data  Gb  main.o [2]
acc_y_pre               0x2000'0ef0   0x30  Data  Gb  main.o [2]
aci_gap_init_IDB05A1     0x800'6a95   0x8e  Code  Gb  bluenrg_gap_aci.o [8]
aci_gap_set_auth_requirement
                         0x800'6c5d   0x8c  Code  Gb  bluenrg_gap_aci.o [8]
aci_gap_set_discoverable
                         0x800'6b23  0x13a  Code  Gb  bluenrg_gap_aci.o [8]
aci_gap_update_adv_data
                         0x800'6ce9   0x74  Code  Gb  bluenrg_gap_aci.o [8]
aci_gatt_add_char        0x800'6749  0x118  Code  Gb  bluenrg_gatt_aci.o [8]
aci_gatt_add_serv        0x800'6681   0xc8  Code  Gb  bluenrg_gatt_aci.o [8]
aci_gatt_allow_read      0x800'6913   0x4c  Code  Gb  bluenrg_gatt_aci.o [8]
aci_gatt_init            0x800'6645   0x3c  Code  Gb  bluenrg_gatt_aci.o [8]
aci_gatt_update_char_value
                         0x800'6861   0xb2  Code  Gb  bluenrg_gatt_aci.o [8]
aci_hal_set_tx_power_level
                         0x800'd4cf   0x50  Code  Gb  bluenrg_hal_aci.o [8]
aci_hal_write_config_data
                         0x800'd44f   0x80  Code  Gb  bluenrg_hal_aci.o [8]
aci_l2cap_connection_parameter_update_request
                         0x800'6d5d   0x6a  Code  Gb  bluenrg_l2cap_aci.o [8]
ahrs                    0x2000'102c   0x1c  Data  Gb  main.o [2]
ahrs_fusion_ag           0x800'c6c5  0x2f0  Code  Gb  ahrs.o [2]
ahrs_kp                 0x2000'1274    0x4  Data  Gb  ahrs.o [2]
appearance_char_handle  0x2000'133e    0x2  Data  Gb  main.o [2]
asin                     0x800'd9e5   0xfc  Code  Gb  asin64.o [13]
asinl                    0x800'd9e5   0xfc  Code  Gb  asin64.o [13]
atan2                    0x800'dae1  0x120  Code  Gb  atan2_64.o [13]
atan2l                   0x800'dae1  0x120  Code  Gb  atan2_64.o [13]
bdaddr                  0x2000'1224    0x8  Data  Gb  main.o [2]
breath                  0x2000'131c    0x4  Data  Lc  sensor_service.o [2]
ch                      0x2000'1360    0x1  Data  Gb  main.o [2]
ch_flag                 0x2000'1361    0x1  Data  Gb  main.o [2]
cnt                     0x2000'1314    0x4  Data  Gb  rc.o [2]
connected               0x2000'1318    0x4  Data  Gb  sensor_service.o [2]
connection_handle       0x2000'135e    0x2  Data  Lc  sensor_service.o [2]
count1                  0x2000'12e4    0x4  Data  Gb  main.o [2]
count2                  0x2000'12e8    0x4  Data  Gb  main.o [2]
dev_name_char_handle    0x2000'133c    0x2  Data  Gb  main.o [2]
dt_recip                0x2000'12a4    0x4  Data  Gb  flight_control.o [2]
enableAllSensors         0x800'a555   0x5e  Code  Gb  main.o [2]
euler_ahrs              0x2000'112c    0xc  Data  Gb  main.o [2]
euler_ahrs_offset       0x2000'11ec    0xc  Data  Gb  main.o [2]
euler_rc                0x2000'1120    0xc  Data  Gb  main.o [2]
euler_rc_fil            0x2000'1138    0xc  Data  Gb  main.o [2]
euler_rc_x_pre          0x2000'0ec0   0x30  Data  Gb  main.o [2]
euler_rc_y_pre          0x2000'0e90   0x30  Data  Gb  main.o [2]
exInt                   0x2000'1268    0x4  Data  Gb  ahrs.o [2]
exit                     0x801'2107    0x4  Code  Gb  exit.o [12]
eyInt                   0x2000'126c    0x4  Data  Gb  ahrs.o [2]
ezInt                   0x2000'1270    0x4  Data  Gb  ahrs.o [2]
fly_ready               0x2000'12cc    0x4  Data  Gb  main.o [2]
free_event_list          0x800'4ad7   0x2e  Code  Lc  hci.o [7]
gAIL                    0x2000'1340    0x2  Data  Gb  rc.o [2]
gELE                    0x2000'1342    0x2  Data  Gb  rc.o [2]
gJoystick_status        0x2000'1338    0x2  Data  Gb  main.o [2]
gRUD                    0x2000'1346    0x2  Data  Gb  rc.o [2]
gTHR                    0x2000'1344    0x2  Data  Gb  rc.o [2]
getBlueNRGVersion        0x800'6e2d   0x78  Code  Gb  bluenrg_utils.o [8]
gyro                    0x2000'1150    0xc  Data  Gb  main.o [2]
gyro_FIFO               0x2000'0e54   0x3c  Data  Gb  main.o [2]
gyro_ahrs               0x2000'11a4    0xc  Data  Gb  main.o [2]
gyro_ahrs_FIFO          0x2000'0e18   0x3c  Data  Gb  main.o [2]
gyro_fil                0x2000'1198    0xc  Data  Gb  main.o [2]
gyro_fil_coeff          0x2000'0274   0x14  Data  Gb  main.o [2]
gyro_fil_int            0x2000'1174    0xc  Data  Gb  main.o [2]
gyro_off_calc           0x2000'11c8    0xc  Data  Gb  main.o [2]
gyro_offset             0x2000'11e0    0xc  Data  Gb  main.o [2]
gyro_rad                0x2000'11f8    0xc  Data  Gb  main.o [2]
gyro_x_pre              0x2000'0f80   0x30  Data  Gb  main.o [2]
gyro_y_pre              0x2000'0f50   0x30  Data  Gb  main.o [2]
hadc1                   0x2000'0c64   0x48  Data  Gb  main.o [2]
hciReadPacketBuffer     0x2000'068c  0x2bc  Data  Lc  hci.o [7]
hciReadPktPool          0x2000'1204    0x8  Data  Gb  hci.o [7]
hciReadPktRxQueue       0x2000'120c    0x8  Data  Gb  hci.o [7]
hci_le_read_local_version
                         0x800'4cd1   0x88  Code  Gb  hci.o [7]
hci_le_set_scan_resp_data
                         0x800'4d59   0x6e  Code  Gb  hci.o [7]
hci_read_rssi            0x800'4dc7   0x6e  Code  Gb  hci.o [7]
hci_send_cmd             0x800'4a77   0x3c  Code  Gb  hci.o [7]
hci_send_req             0x800'4b05  0x1ba  Code  Gb  hci.o [7]
hci_write                0x800'4a5b   0x1c  Code  Gb  hci.o [7]
hpcd_USB_OTG_FS         0x2000'029c  0x3f0  Data  Gb  usbd_conf.o [2]
hspi1                   0x2000'0ab8   0x58  Data  Gb  main.o [2]
hspi2                   0x2000'0b10   0x58  Data  Gb  main.o [2]
htim2                   0x2000'0cec   0x3c  Data  Gb  main.o [2]
htim4                   0x2000'0d28   0x3c  Data  Gb  main.o [2]
htim9                   0x2000'0d64   0x3c  Data  Gb  main.o [2]
huart1                  0x2000'0cac   0x40  Data  Gb  main.o [2]
init_queue               0x800'65b3   0x30  Code  Gb  rc.o [2]
init_rc_variables        0x800'63c3   0x30  Code  Gb  rc.o [2]
init_remote_control      0x800'6389   0x3a  Code  Gb  rc.o [2]
initializeAllSensors     0x800'a4e1   0x54  Code  Lc  main.o [2]
invSqrt                  0x800'd989   0x34  Code  Gb  basic_math.o [2]
isTimerEventExist        0x800'6ef5    0x4  Code  Gb  timer.o [2]
joydata                 0x2000'121c    0x8  Data  Gb  main.o [2]
ldexp                    0x800'8909         Code  Gb  ldexp.o [13]
ldexpl                   0x800'8909         Code  Gb  ldexp.o [13]
list_get_size            0x800'50cf   0x1c  Code  Gb  ble_list.o [10]
list_init_head           0x800'5015    0x6  Code  Gb  ble_list.o [10]
list_insert_head         0x800'5037   0x18  Code  Gb  ble_list.o [10]
list_insert_tail         0x800'504f   0x18  Code  Gb  ble_list.o [10]
list_is_empty            0x800'501b   0x1c  Code  Gb  ble_list.o [10]
list_remove_head         0x800'507f   0x28  Code  Gb  ble_list.o [10]
list_remove_node         0x800'5067   0x18  Code  Gb  ble_list.o [10]
list_remove_tail         0x800'50a7   0x28  Code  Gb  ble_list.o [10]
mag                     0x2000'115c    0xc  Data  Gb  main.o [2]
mag_fil                 0x2000'11b0    0xc  Data  Gb  main.o [2]
main                     0x800'9471  0x6c6  Code  Gb  main.o [2]
max_pitch_rad            0x801'22cc    0x4  Data  Gb  rc.o [2]
max_roll_rad             0x801'22d0    0x4  Data  Gb  rc.o [2]
max_yaw_rad              0x801'22d4    0x4  Data  Gb  rc.o [2]
memchr                   0x800'87d9         Code  Gb  memchr.o [14]
motor_pwm               0x2000'10c0   0x10  Data  Gb  main.o [2]
motor_thr               0x2000'1334    0x2  Data  Gb  flight_control.o [2]
move_list                0x800'4ab3   0x24  Code  Lc  hci.o [7]
myprintf                 0x800'6a09   0x2a  Code  Gb  debug.o [2]
pid                     0x2000'0a48   0x70  Data  Gb  main.o [2]
pid_x_integ1            0x2000'1278    0x4  Data  Gb  flight_control.o [2]
pid_x_integ2            0x2000'1284    0x4  Data  Gb  flight_control.o [2]
pid_x_pre_deriv         0x2000'129c    0x4  Data  Gb  flight_control.o [2]
pid_x_pre_error2        0x2000'1290    0x4  Data  Gb  flight_control.o [2]
pid_y_integ1            0x2000'127c    0x4  Data  Gb  flight_control.o [2]
pid_y_integ2            0x2000'1288    0x4  Data  Gb  flight_control.o [2]
pid_y_pre_deriv         0x2000'12a0    0x4  Data  Gb  flight_control.o [2]
pid_y_pre_error2        0x2000'1294    0x4  Data  Gb  flight_control.o [2]
pid_z_integ1            0x2000'1280    0x4  Data  Gb  flight_control.o [2]
pid_z_integ2            0x2000'128c    0x4  Data  Gb  flight_control.o [2]
pid_z_pre_error2        0x2000'1298    0x4  Data  Gb  flight_control.o [2]
press                   0x2000'12ec    0x4  Data  Gb  main.o [2]
press_zero_level        0x2000'12f0    0x4  Data  Gb  main.o [2]
q0                      0x2000'0000    0x4  Data  Gb  ahrs.o [2]
q1                      0x2000'125c    0x4  Data  Gb  ahrs.o [2]
q2                      0x2000'1260    0x4  Data  Gb  ahrs.o [2]
q3                      0x2000'1264    0x4  Data  Gb  ahrs.o [2]
que                     0x2000'0c18   0x4c  Data  Gb  rc.o [2]
rc_cal_cnt              0x2000'12c8    0x4  Data  Gb  main.o [2]
rc_cal_flag             0x2000'12c0    0x4  Data  Gb  main.o [2]
rc_connection_flag      0x2000'1363    0x1  Data  Gb  rc.o [2]
rc_enable_motor         0x2000'12c4    0x4  Data  Gb  main.o [2]
rc_flag                 0x2000'1310    0x4  Data  Gb  rc.o [2]
rc_t                    0x2000'10f0   0x10  Data  Gb  rc.o [2]
rc_t_fall               0x2000'10e0   0x10  Data  Gb  rc.o [2]
rc_t_rise               0x2000'10d0   0x10  Data  Gb  rc.o [2]
rc_timeout              0x2000'130c    0x4  Data  Gb  rc.o [2]
rc_z_control_flag       0x2000'0288    0x4  Data  Gb  rc.o [2]
safe_aci_gatt_update_char_value
                         0x800'50ed   0x58  Code  Gb  sensor_service.o [2]
scalbln                  0x800'8909         Code  Gb  ldexp.o [13]
scalblnl                 0x800'8909         Code  Gb  ldexp.o [13]
scalbn                   0x800'8909         Code  Gb  ldexp.o [13]
scalbnl                  0x800'8909         Code  Gb  ldexp.o [13]
scale                    0x800'8449   0x46  Code  Lc  xprintffull_nomb.o [12]
sec_hand                0x2000'1330    0x4  Data  Lc  xfail_s.o [12]
sensor_init_cali        0x2000'12dc    0x4  Data  Gb  main.o [2]
sensor_init_cali_count  0x2000'12e0    0x4  Data  Gb  main.o [2]
service_handle          0x2000'133a    0x2  Data  Gb  main.o [2]
setConnectable           0x800'5ab5   0xac  Code  Gb  sensor_service.o [2]
set_connectable         0x2000'0298    0x1  Data  Gb  sensor_service.o [2]
set_motor_pwm            0x800'c179  0x10e  Code  Gb  motor.o [2]
set_motor_pwm_zero       0x800'c291   0x12  Code  Gb  motor.o [2]
sprintf                  0x800'6a55   0x40  Code  Gb  sprintf.o [12]
sqrt                     0x800'dc01         Code  Gb  sqrt.o [13]
sqrtl                    0x800'dc01         Code  Gb  sqrt.o [13]
strchr                   0x800'8749         Code  Gb  strchr.o [14]
strlen                   0x800'87a1         Code  Gb  strlen.o [14]
strncmp                  0x800'6dc7   0x2a  Code  Gb  strncmp.o [12]
t1                      0x2000'1308    0x4  Data  Gb  rc.o [2]
temperature             0x2000'12f4    0x4  Data  Gb  main.o [2]
testStatus              0x2000'1362    0x1  Data  Gb  main.o [2]
tim                     0x2000'10ac   0x14  Data  Gb  timer.o [2]
tim9_cnt                0x2000'12d4    0x4  Data  Gb  main.o [2]
tim9_cnt2               0x2000'12d8    0x4  Data  Gb  main.o [2]
tim9_event_flag         0x2000'12d0    0x4  Data  Gb  main.o [2]
update_rc_data           0x800'6427   0x84  Code  Gb  rc.o [2]
usart_puts               0x800'6a33   0x1c  Code  Gb  debug.o [2]
uwTick                  0x2000'132c    0x4  Data  Gb  stm32f4xx_hal.o [6]
vsnprintf                0x800'6f09   0x3c  Code  Gb  vsnprint.o [12]


[1] = E:\work\projects\ST_Drone_FCU_F401_cpptest\STM32 FW Project\Official release with BLE Remocon - 170318\EWARM\ToyDrone_Configuration\Obj\Application\EWARM
[2] = E:\work\projects\ST_Drone_FCU_F401_cpptest\STM32 FW Project\Official release with BLE Remocon - 170318\EWARM\ToyDrone_Configuration\Obj\Application\User
[3] = E:\work\projects\ST_Drone_FCU_F401_cpptest\STM32 FW Project\Official release with BLE Remocon - 170318\EWARM\ToyDrone_Configuration\Obj\Drivers\Board
[4] = E:\work\projects\ST_Drone_FCU_F401_cpptest\STM32 FW Project\Official release with BLE Remocon - 170318\EWARM\ToyDrone_Configuration\Obj\Drivers\CMSIS
[5] = E:\work\projects\ST_Drone_FCU_F401_cpptest\STM32 FW Project\Official release with BLE Remocon - 170318\EWARM\ToyDrone_Configuration\Obj\Drivers\Components
[6] = E:\work\projects\ST_Drone_FCU_F401_cpptest\STM32 FW Project\Official release with BLE Remocon - 170318\EWARM\ToyDrone_Configuration\Obj\Drivers\STM32F4xx_HAL_Driver
[7] = E:\work\projects\ST_Drone_FCU_F401_cpptest\STM32 FW Project\Official release with BLE Remocon - 170318\EWARM\ToyDrone_Configuration\Obj\Middlewares\STM32_BlueNRG\HCI
[8] = E:\work\projects\ST_Drone_FCU_F401_cpptest\STM32 FW Project\Official release with BLE Remocon - 170318\EWARM\ToyDrone_Configuration\Obj\Middlewares\STM32_BlueNRG\HCI\Controller
[9] = E:\work\projects\ST_Drone_FCU_F401_cpptest\STM32 FW Project\Official release with BLE Remocon - 170318\EWARM\ToyDrone_Configuration\Obj\Middlewares\STM32_BlueNRG\Interface
[10] = E:\work\projects\ST_Drone_FCU_F401_cpptest\STM32 FW Project\Official release with BLE Remocon - 170318\EWARM\ToyDrone_Configuration\Obj\Middlewares\STM32_BlueNRG\Utils
[11] = E:\work\projects\ST_Drone_FCU_F401_cpptest\STM32 FW Project\Official release with BLE Remocon - 170318\EWARM\ToyDrone_Configuration\Obj\Middlewares\USB_Device_Library
[12] = dl7M_tln.a
[13] = m7M_tls.a
[14] = rt7M_tl.a
[15] = shb_l.a

  72'632 bytes of readonly  code memory
   2'608 bytes of readonly  data memory
  21'350 bytes of readwrite data memory

Errors: none
Warnings: none
